../Core/Src/main.c:267:6:ESP01_UART_Receive	0	static
../Core/Src/main.c:362:6:onUSBRx	0	static
../Core/Src/main.c:255:6:ESP01_CH_PD_Set	0	static
../Core/Src/main.c:283:5:ESP01_UART_Send	16	static
../Core/Src/main.c:476:9:myI2CInit	8	static
../Core/Src/main.c:496:6:myI2CWriteMulti	280	static
../Core/Src/main.c:518:6:myI2CWrite	24	static
../Core/Src/main.c:199:6:display_debug	8	static
../Core/Src/main.c:288:6:ESP01_ChangeState	8	static
../Core/Src/main.c:376:6:decode	24	static
../Core/Src/main.c:214:6:HAL_ADC_ConvCpltCallback	12	static
../Core/Src/main.c:239:6:HAL_UART_RxCpltCallback	8	static
../Core/Src/main.c:537:9:MPU6050_Init	48	static
../Core/Src/main.c:570:6:MPU6050_Read_Data	32	static
../Core/Src/main.c:596:6:IR_PROMEDIO	20	static
../Core/Src/main.c:618:8:Line_detection	20	static
../Core/Src/main.c:671:6:MPU_PROMEDIO	20	static
../Core/Src/main.c:980:6:SystemClock_Config	88	static,ignoring_inline_asm
../Core/Src/main.c:694:5:main	112	static,ignoring_inline_asm
../Core/Src/main.c:1417:6:Error_Handler	0	static,ignoring_inline_asm
