../Core/Src/ssd1306.c:63:6:Attach_I2CInit	0	static
../Core/Src/ssd1306.c:67:6:Attach_I2CWriteMulti	0	static
../Core/Src/ssd1306.c:71:6:Attach_I2CWrite	0	static
../Core/Src/ssd1306.c:75:6:SSD1306_ScrollRight	16	static
../Core/Src/ssd1306.c:98:6:SSD1306_ScrollLeft	16	static
../Core/Src/ssd1306.c:121:6:SSD1306_Scrolldiagright	16	static
../Core/Src/ssd1306.c:152:6:SSD1306_Scrolldiagleft	16	static
../Core/Src/ssd1306.c:183:6:SSD1306_Stopscroll	0	static
../Core/Src/ssd1306.c:191:6:SSD1306_InvertDisplay	0	static
../Core/Src/ssd1306.c:333:6:SSD1306_UpdateScreen	24	static
../Core/Src/ssd1306.c:351:6:SSD1306_ToggleInvert	0	static
../Core/Src/ssd1306.c:363:6:SSD1306_Fill	0	static
../Core/Src/ssd1306.c:234:9:SSD1306_Init	8	static
../Core/Src/ssd1306.c:368:6:SSD1306_DrawPixel	12	static
../Core/Src/ssd1306.c:204:6:SSD1306_DrawBitmap	64	static
../Core/Src/ssd1306.c:390:6:SSD1306_GotoXY	0	static
../Core/Src/ssd1306.c:396:6:SSD1306_Putc	56	static
../Core/Src/ssd1306.c:427:6:SSD1306_Puts	16	static
../Core/Src/ssd1306.c:445:6:SSD1306_DrawLine	56	static
../Core/Src/ssd1306.c:529:6:SSD1306_DrawRectangle	32	static
../Core/Src/ssd1306.c:554:6:SSD1306_DrawFilledRectangle	40	static
../Core/Src/ssd1306.c:581:6:SSD1306_DrawTriangle	40	static
../Core/Src/ssd1306.c:589:6:SSD1306_DrawFilledTriangle	80	static
../Core/Src/ssd1306.c:645:6:SSD1306_DrawCircle	56	static
../Core/Src/ssd1306.c:679:6:SSD1306_DrawFilledCircle	64	static
../Core/Src/ssd1306.c:712:6:SSD1306_Clear	8	static
../Core/Src/ssd1306.c:717:6:SSD1306_ON	8	static
../Core/Src/ssd1306.c:727:6:SSD1306_OFF	8	static
../Core/Src/ssd1306.c:748:6:ssd1306_I2C_Init	0	static
