Archive member included to satisfy reference by file (symbol)

C:/ST/STM32CubeIDE_1.18.0/STM32CubeIDE/plugins/com.st.stm32cube.ide.mcu.externaltools.gnu-tools-for-stm32.13.3.rel1.win32_1.0.0.202411081344/tools/bin/../lib/gcc/arm-none-eabi/13.3.1/../../../../arm-none-eabi/lib/thumb/v7-m/nofp\libc_nano.a(libc_a-exit.o)
                              C:/ST/STM32CubeIDE_1.18.0/STM32CubeIDE/plugins/com.st.stm32cube.ide.mcu.externaltools.gnu-tools-for-stm32.13.3.rel1.win32_1.0.0.202411081344/tools/bin/../lib/gcc/arm-none-eabi/13.3.1/../../../../arm-none-eabi/lib/thumb/v7-m/nofp/crt0.o (exit)
C:/ST/STM32CubeIDE_1.18.0/STM32CubeIDE/plugins/com.st.stm32cube.ide.mcu.externaltools.gnu-tools-for-stm32.13.3.rel1.win32_1.0.0.202411081344/tools/bin/../lib/gcc/arm-none-eabi/13.3.1/../../../../arm-none-eabi/lib/thumb/v7-m/nofp\libc_nano.a(libc_a-itoa.o)
                              ./Core/Src/ESP01.o (itoa)
C:/ST/STM32CubeIDE_1.18.0/STM32CubeIDE/plugins/com.st.stm32cube.ide.mcu.externaltools.gnu-tools-for-stm32.13.3.rel1.win32_1.0.0.202411081344/tools/bin/../lib/gcc/arm-none-eabi/13.3.1/../../../../arm-none-eabi/lib/thumb/v7-m/nofp\libc_nano.a(libc_a-utoa.o)
                              C:/ST/STM32CubeIDE_1.18.0/STM32CubeIDE/plugins/com.st.stm32cube.ide.mcu.externaltools.gnu-tools-for-stm32.13.3.rel1.win32_1.0.0.202411081344/tools/bin/../lib/gcc/arm-none-eabi/13.3.1/../../../../arm-none-eabi/lib/thumb/v7-m/nofp\libc_nano.a(libc_a-itoa.o) (__utoa)
C:/ST/STM32CubeIDE_1.18.0/STM32CubeIDE/plugins/com.st.stm32cube.ide.mcu.externaltools.gnu-tools-for-stm32.13.3.rel1.win32_1.0.0.202411081344/tools/bin/../lib/gcc/arm-none-eabi/13.3.1/../../../../arm-none-eabi/lib/thumb/v7-m/nofp\libc_nano.a(libc_a-findfp.o)
                              C:/ST/STM32CubeIDE_1.18.0/STM32CubeIDE/plugins/com.st.stm32cube.ide.mcu.externaltools.gnu-tools-for-stm32.13.3.rel1.win32_1.0.0.202411081344/tools/bin/../lib/gcc/arm-none-eabi/13.3.1/../../../../arm-none-eabi/lib/thumb/v7-m/nofp\libc_nano.a(libc_a-exit.o) (__stdio_exit_handler)
C:/ST/STM32CubeIDE_1.18.0/STM32CubeIDE/plugins/com.st.stm32cube.ide.mcu.externaltools.gnu-tools-for-stm32.13.3.rel1.win32_1.0.0.202411081344/tools/bin/../lib/gcc/arm-none-eabi/13.3.1/../../../../arm-none-eabi/lib/thumb/v7-m/nofp\libc_nano.a(libc_a-fwalk.o)
                              C:/ST/STM32CubeIDE_1.18.0/STM32CubeIDE/plugins/com.st.stm32cube.ide.mcu.externaltools.gnu-tools-for-stm32.13.3.rel1.win32_1.0.0.202411081344/tools/bin/../lib/gcc/arm-none-eabi/13.3.1/../../../../arm-none-eabi/lib/thumb/v7-m/nofp\libc_nano.a(libc_a-findfp.o) (_fwalk_sglue)
C:/ST/STM32CubeIDE_1.18.0/STM32CubeIDE/plugins/com.st.stm32cube.ide.mcu.externaltools.gnu-tools-for-stm32.13.3.rel1.win32_1.0.0.202411081344/tools/bin/../lib/gcc/arm-none-eabi/13.3.1/../../../../arm-none-eabi/lib/thumb/v7-m/nofp\libc_nano.a(libc_a-sprintf.o)
                              ./Core/Src/main.o (sprintf)
C:/ST/STM32CubeIDE_1.18.0/STM32CubeIDE/plugins/com.st.stm32cube.ide.mcu.externaltools.gnu-tools-for-stm32.13.3.rel1.win32_1.0.0.202411081344/tools/bin/../lib/gcc/arm-none-eabi/13.3.1/../../../../arm-none-eabi/lib/thumb/v7-m/nofp\libc_nano.a(libc_a-stdio.o)
                              C:/ST/STM32CubeIDE_1.18.0/STM32CubeIDE/plugins/com.st.stm32cube.ide.mcu.externaltools.gnu-tools-for-stm32.13.3.rel1.win32_1.0.0.202411081344/tools/bin/../lib/gcc/arm-none-eabi/13.3.1/../../../../arm-none-eabi/lib/thumb/v7-m/nofp\libc_nano.a(libc_a-findfp.o) (__sread)
C:/ST/STM32CubeIDE_1.18.0/STM32CubeIDE/plugins/com.st.stm32cube.ide.mcu.externaltools.gnu-tools-for-stm32.13.3.rel1.win32_1.0.0.202411081344/tools/bin/../lib/gcc/arm-none-eabi/13.3.1/../../../../arm-none-eabi/lib/thumb/v7-m/nofp\libc_nano.a(libc_a-memset.o)
                              C:/ST/STM32CubeIDE_1.18.0/STM32CubeIDE/plugins/com.st.stm32cube.ide.mcu.externaltools.gnu-tools-for-stm32.13.3.rel1.win32_1.0.0.202411081344/tools/bin/../lib/gcc/arm-none-eabi/13.3.1/../../../../arm-none-eabi/lib/thumb/v7-m/nofp/crt0.o (memset)
C:/ST/STM32CubeIDE_1.18.0/STM32CubeIDE/plugins/com.st.stm32cube.ide.mcu.externaltools.gnu-tools-for-stm32.13.3.rel1.win32_1.0.0.202411081344/tools/bin/../lib/gcc/arm-none-eabi/13.3.1/../../../../arm-none-eabi/lib/thumb/v7-m/nofp\libc_nano.a(libc_a-strncpy.o)
                              ./Core/Src/ESP01.o (strncpy)
C:/ST/STM32CubeIDE_1.18.0/STM32CubeIDE/plugins/com.st.stm32cube.ide.mcu.externaltools.gnu-tools-for-stm32.13.3.rel1.win32_1.0.0.202411081344/tools/bin/../lib/gcc/arm-none-eabi/13.3.1/../../../../arm-none-eabi/lib/thumb/v7-m/nofp\libc_nano.a(libc_a-closer.o)
                              C:/ST/STM32CubeIDE_1.18.0/STM32CubeIDE/plugins/com.st.stm32cube.ide.mcu.externaltools.gnu-tools-for-stm32.13.3.rel1.win32_1.0.0.202411081344/tools/bin/../lib/gcc/arm-none-eabi/13.3.1/../../../../arm-none-eabi/lib/thumb/v7-m/nofp\libc_nano.a(libc_a-stdio.o) (_close_r)
[...]
Memory Configuration

Name             Origin             Length             Attributes
RAM              0x20000000         0x00005000         xrw
FLASH            0x08000000         0x00010000         xr
*default*        0x00000000         0xffffffff

Linker script and memory map

LOAD C:/ST/STM32CubeIDE_1.18.0/STM32CubeIDE/plugins/com.st.stm32cube.ide.mcu.externaltools.gnu-tools-for-stm32.13.3.rel1.win32_1.0.0.202411081344/tools/bin/../lib/gcc/arm-none-eabi/13.3.1/thumb/v7-m/nofp/crti.o
LOAD C:/ST/STM32CubeIDE_1.18.0/STM32CubeIDE/plugins/com.st.stm32cube.ide.mcu.externaltools.gnu-tools-for-stm32.13.3.rel1.win32_1.0.0.202411081344/tools/bin/../lib/gcc/arm-none-eabi/13.3.1/thumb/v7-m/nofp/crtbegin.o
LOAD C:/ST/STM32CubeIDE_1.18.0/STM32CubeIDE/plugins/com.st.stm32cube.ide.mcu.externaltools.gnu-tools-for-stm32.13.3.rel1.win32_1.0.0.202411081344/tools/bin/../lib/gcc/arm-none-eabi/13.3.1/../../../../arm-none-eabi/lib/thumb/v7-m/nofp/crt0.o
LOAD ./Core/Src/ESP01.o
LOAD ./Core/Src/comunicaciones.o
LOAD ./Core/Src/fonts.o
LOAD ./Core/Src/main.o
LOAD ./Core/Src/ssd1306.o
LOAD ./Core/Src/stm32f1xx_hal_msp.o
LOAD ./Core/Src/stm32f1xx_it.o
LOAD ./Core/Src/syscalls.o
LOAD ./Core/Src/sysmem.o
LOAD ./Core/Src/system_stm32f1xx.o
LOAD ./Core/Startup/startup_stm32f103c8tx.o
LOAD ./Drivers/STM32F1xx_HAL_Driver/Src/stm32f1xx_hal.o
LOAD ./Drivers/STM32F1xx_HAL_Driver/Src/stm32f1xx_hal_adc.o
LOAD ./Drivers/STM32F1xx_HAL_Driver/Src/stm32f1xx_hal_adc_ex.o
LOAD ./Drivers/STM32F1xx_HAL_Driver/Src/stm32f1xx_hal_cortex.o
LOAD ./Drivers/STM32F1xx_HAL_Driver/Src/stm32f1xx_hal_dma.o
LOAD ./Drivers/STM32F1xx_HAL_Driver/Src/stm32f1xx_hal_exti.o
LOAD ./Drivers/STM32F1xx_HAL_Driver/Src/stm32f1xx_hal_flash.o
LOAD ./Drivers/STM32F1xx_HAL_Driver/Src/stm32f1xx_hal_flash_ex.o
LOAD ./Drivers/STM32F1xx_HAL_Driver/Src/stm32f1xx_hal_gpio.o
LOAD ./Drivers/STM32F1xx_HAL_Driver/Src/stm32f1xx_hal_gpio_ex.o
LOAD ./Drivers/STM32F1xx_HAL_Driver/Src/stm32f1xx_hal_i2c.o
LOAD ./Drivers/STM32F1xx_HAL_Driver/Src/stm32f1xx_hal_pcd.o
LOAD ./Drivers/STM32F1xx_HAL_Driver/Src/stm32f1xx_hal_pcd_ex.o
LOAD ./Drivers/STM32F1xx_HAL_Driver/Src/stm32f1xx_hal_pwr.o
LOAD ./Drivers/STM32F1xx_HAL_Driver/Src/stm32f1xx_hal_rcc.o
LOAD ./Drivers/STM32F1xx_HAL_Driver/Src/stm32f1xx_hal_rcc_ex.o
LOAD ./Drivers/STM32F1xx_HAL_Driver/Src/stm32f1xx_hal_tim.o
LOAD ./Drivers/STM32F1xx_HAL_Driver/Src/stm32f1xx_hal_tim_ex.o
LOAD ./Drivers/STM32F1xx_HAL_Driver/Src/stm32f1xx_hal_uart.o
LOAD ./Drivers/STM32F1xx_HAL_Driver/Src/stm32f1xx_ll_usb.o
LOAD ./Middlewares/ST/STM32_USB_Device_Library/Class/CDC/Src/usbd_cdc.o
LOAD ./Middlewares/ST/STM32_USB_Device_Library/Core/Src/usbd_core.o
LOAD ./Middlewares/ST/STM32_USB_Device_Library/Core/Src/usbd_ctlreq.o
LOAD ./Middlewares/ST/STM32_USB_Device_Library/Core/Src/usbd_ioreq.o
LOAD ./USB_DEVICE/App/usb_device.o
LOAD ./USB_DEVICE/App/usbd_cdc_if.o
LOAD ./USB_DEVICE/App/usbd_desc.o
LOAD ./USB_DEVICE/Target/usbd_conf.o
START GROUP
LOAD C:/ST/STM32CubeIDE_1.18.0/STM32CubeIDE/plugins/com.st.stm32cube.ide.mcu.externaltools.gnu-tools-for-stm32.13.3.rel1.win32_1.0.0.202411081344/tools/bin/../lib/gcc/arm-none-eabi/13.3.1/../../../../arm-none-eabi/lib/thumb/v7-m/nofp\libc_nano.a
LOAD C:/ST/STM32CubeIDE_1.18.0/STM32CubeIDE/plugins/com.st.stm32cube.ide.mcu.externaltools.gnu-tools-for-stm32.13.3.rel1.win32_1.0.0.202411081344/tools/bin/../lib/gcc/arm-none-eabi/13.3.1/../../../../arm-none-eabi/lib/thumb/v7-m/nofp\libm.a
END GROUP
START GROUP
LOAD C:/ST/STM32CubeIDE_1.18.0/STM32CubeIDE/plugins/com.st.stm32cube.ide.mcu.externaltools.gnu-tools-for-stm32.13.3.rel1.win32_1.0.0.202411081344/tools/bin/../lib/gcc/arm-none-eabi/13.3.1/thumb/v7-m/nofp\libgcc.a
LOAD C:/ST/STM32CubeIDE_1.18.0/STM32CubeIDE/plugins/com.st.stm32cube.ide.mcu.externaltools.gnu-tools-for-stm32.13.3.rel1.win32_1.0.0.202411081344/tools/bin/../lib/gcc/arm-none-eabi/13.3.1/../../../../arm-none-eabi/lib/thumb/v7-m/nofp\libc_nano.a
END GROUP
START GROUP
LOAD C:/ST/STM32CubeIDE_1.18.0/STM32CubeIDE/plugins/com.st.stm32cube.ide.mcu.externaltools.gnu-tools-for-stm32.13.3.rel1.win32_1.0.0.202411081344/tools/bin/../lib/gcc/arm-none-eabi/13.3.1/thumb/v7-m/nofp\libgcc.a
LOAD C:/ST/STM32CubeIDE_1.18.0/STM32CubeIDE/plugins/com.st.stm32cube.ide.mcu.externaltools.gnu-tools-for-stm32.13.3.rel1.win32_1.0.0.202411081344/tools/bin/../lib/gcc/arm-none-eabi/13.3.1/../../../../arm-none-eabi/lib/thumb/v7-m/nofp\libc_nano.a
LOAD C:/ST/STM32CubeIDE_1.18.0/STM32CubeIDE/plugins/com.st.stm32cube.ide.mcu.externaltools.gnu-tools-for-stm32.13.3.rel1.win32_1.0.0.202411081344/tools/bin/../lib/gcc/arm-none-eabi/13.3.1/../../../../arm-none-eabi/lib/thumb/v7-m/nofp\libnosys.a
END GROUP
START GROUP
LOAD C:/ST/STM32CubeIDE_1.18.0/STM32CubeIDE/plugins/com.st.stm32cube.ide.mcu.externaltools.gnu-tools-for-stm32.13.3.rel1.win32_1.0.0.202411081344/tools/bin/../lib/gcc/arm-none-eabi/13.3.1/thumb/v7-m/nofp\libgcc.a
LOAD C:/ST/STM32CubeIDE_1.18.0/STM32CubeIDE/plugins/com.st.stm32cube.ide.mcu.externaltools.gnu-tools-for-stm32.13.3.rel1.win32_1.0.0.202411081344/tools/bin/../lib/gcc/arm-none-eabi/13.3.1/../../../../arm-none-eabi/lib/thumb/v7-m/nofp\libc_nano.a
LOAD C:/ST/STM32CubeIDE_1.18.0/STM32CubeIDE/plugins/com.st.stm32cube.ide.mcu.externaltools.gnu-tools-for-stm32.13.3.rel1.win32_1.0.0.202411081344/tools/bin/../lib/gcc/arm-none-eabi/13.3.1/../../../../arm-none-eabi/lib/thumb/v7-m/nofp\libnosys.a
END GROUP
LOAD C:/ST/STM32CubeIDE_1.18.0/STM32CubeIDE/plugins/com.st.stm32cube.ide.mcu.externaltools.gnu-tools-for-stm32.13.3.rel1.win32_1.0.0.202411081344/tools/bin/../lib/gcc/arm-none-eabi/13.3.1/thumb/v7-m/nofp/crtend.o
LOAD C:/ST/STM32CubeIDE_1.18.0/STM32CubeIDE/plugins/com.st.stm32cube.ide.mcu.externaltools.gnu-tools-for-stm32.13.3.rel1.win32_1.0.0.202411081344/tools/bin/../lib/gcc/arm-none-eabi/13.3.1/thumb/v7-m/nofp/crtn.o
                0x20005000                        _estack = (ORIGIN (RAM) + LENGTH (RAM))
                0x00000200                        _Min_Heap_Size = 0x200
                0x00000400                        _Min_Stack_Size = 0x400

.isr_vector     0x08000000      0x10c
                0x08000000                        . = ALIGN (0x4)
 *(.isr_vector)
 .isr_vector    0x08000000      0x10c ./Core/Startup/startup_stm32f103c8tx.o
                0x08000000                g_pfnVectors
                0x0800010c                        . = ALIGN (0x4)

.text           0x0800010c     0x7b28
                0x0800010c                        . = ALIGN (0x4)
 *(.text)
 .text          0x0800010c       0x40 C:/ST/STM32CubeIDE_1.18.0/STM32CubeIDE/plugins/com.st.stm32cube.ide.mcu.externaltools.gnu-tools-for-stm32.13.3.rel1.win32_1.0.0.202411081344/tools/bin/../lib/gcc/arm-none-eabi/13.3.1/thumb/v7-m/nofp/crtbegin.o
 .text          0x0800014c       0x10 C:/ST/STM32CubeIDE_1.18.0/STM32CubeIDE/plugins/com.st.stm32cube.ide.mcu.externaltools.gnu-tools-for-stm32.13.3.rel1.win32_1.0.0.202411081344/tools/bin/../lib/gcc/arm-none-eabi/13.3.1/../../../../arm-none-eabi/lib/thumb/v7-m/nofp\libc_nano.a(libc_a-strlen.o)
                0x0800014c                strlen
 *(.text*)
 .text.ESP01StrToBufTX
                0x0800015c       0x34 ./Core/Src/ESP01.o
 .text.ESP01ByteToBufTX
                0x08000190       0x28 ./Core/Src/ESP01.o
 .text.ESP01_SetWIFI
                0x080001b8       0x54 ./Core/Src/ESP01.o
                0x080001b8                ESP01_SetWIFI
 .text.ESP01_StartUDP
                0x0800020c       0x8c ./Core/Src/ESP01.o
                0x0800020c                ESP01_StartUDP
 .text.ESP01_GetLocalIP
                0x08000298       0x20 ./Core/Src/ESP01.o
                0x08000298                ESP01_GetLocalIP
 .text.ESP01_WriteRX
                0x080002b8       0x24 ./Core/Src/ESP01.o
                0x080002b8                ESP01_WriteRX
 .text.ESP01_Send
                0x080002dc       0xfc ./Core/Src/ESP01.o
                0x080002dc                ESP01_Send
 .text.ESP01_Init
                0x080003d8       0x60 ./Core/Src/ESP01.o
                0x080003d8                ESP01_Init
 .text.ESP01_Timeout10ms
                0x08000438       0x38 ./Core/Src/ESP01.o
                0x08000438                ESP01_Timeout10ms
 .text.ESP01_Task
                0x08000470      0x7a8 ./Core/Src/ESP01.o
                0x08000470                ESP01_Task
 .text.ESP01_AttachChangeState
                0x08000c18        0xc ./Core/Src/ESP01.o
                0x08000c18                ESP01_AttachChangeState
 .text.Comunicaciones_Decode
                0x08000c24        0xc ./Core/Src/comunicaciones.o
                0x08000c24                Comunicaciones_Decode
 .text.Comunicaciones_Recieve
                0x08000c30      0x13c ./Core/Src/comunicaciones.o
                0x08000c30                Comunicaciones_Recieve
 .text.Comunicaciones_encode
                0x08000d6c       0x7c ./Core/Src/comunicaciones.o
                0x08000d6c                Comunicaciones_encode
 .text.ESP01_UART_Receive
                0x08000de8       0x28 ./Core/Src/main.o
                0x08000de8                ESP01_UART_Receive
 .text.onUSBRx  0x08000e10        0x2 ./Core/Src/main.o
                0x08000e10                onUSBRx
 *fill*         0x08000e12        0x2 
 .text.ESP01_CH_PD_Set
                0x08000e14       0x10 ./Core/Src/main.o
                0x08000e14                ESP01_CH_PD_Set
 .text.ESP01_UART_Send
                0x08000e24       0x20 ./Core/Src/main.o
                0x08000e24                ESP01_UART_Send
 .text.myI2CInit
                0x08000e44       0x1c ./Core/Src/main.o
                0x08000e44                myI2CInit
 .text.myI2CWriteMulti
                0x08000e60       0x3c ./Core/Src/main.o
                0x08000e60                myI2CWriteMulti
 .text.myI2CWrite
                0x08000e9c       0x24 ./Core/Src/main.o
                0x08000e9c                myI2CWrite
 .text.display_debug
                0x08000ec0       0x24 ./Core/Src/main.o
                0x08000ec0                display_debug
 .text.ESP01_ChangeState
                0x08000ee4       0xc0 ./Core/Src/main.o
                0x08000ee4                ESP01_ChangeState
 .text.decode   0x08000fa4      0x234 ./Core/Src/main.o
                0x08000fa4                decode
 .text.HAL_ADC_ConvCpltCallback
                0x080011d8       0x68 ./Core/Src/main.o
                0x080011d8                HAL_ADC_ConvCpltCallback
 .text.HAL_UART_RxCpltCallback
                0x08001240       0x30 ./Core/Src/main.o
                0x08001240                HAL_UART_RxCpltCallback
 .text.MPU6050_Init
                0x08001270       0x98 ./Core/Src/main.o
                0x08001270                MPU6050_Init
 .text.MPU6050_Read_Data
                0x08001308       0x88 ./Core/Src/main.o
                0x08001308                MPU6050_Read_Data
 .text.IR_PROMEDIO
                0x08001390       0x3c ./Core/Src/main.o
                0x08001390                IR_PROMEDIO
 .text.Line_detection
                0x080013cc       0x88 ./Core/Src/main.o
                0x080013cc                Line_detection
 .text.MPU_PROMEDIO
                0x08001454       0x64 ./Core/Src/main.o
                0x08001454                MPU_PROMEDIO
 .text.SystemClock_Config
                0x080014b8       0x82 ./Core/Src/main.o
                0x080014b8                SystemClock_Config
 *fill*         0x0800153a        0x2 
 .text.startup.main
                0x0800153c      0x918 ./Core/Src/main.o
                0x0800153c                main
 .text.Error_Handler
                0x08001e54        0x4 ./Core/Src/main.o
                0x08001e54                Error_Handler
 .text.Attach_I2CInit
                0x08001e58        0xc ./Core/Src/ssd1306.o
                0x08001e58                Attach_I2CInit
 .text.Attach_I2CWriteMulti
                0x08001e64        0xc ./Core/Src/ssd1306.o
                0x08001e64                Attach_I2CWriteMulti
 .text.Attach_I2CWrite
                0x08001e70        0xc ./Core/Src/ssd1306.o
                0x08001e70                Attach_I2CWrite
 .text.SSD1306_UpdateScreen
                0x08001e7c       0x50 ./Core/Src/ssd1306.o
                0x08001e7c                SSD1306_UpdateScreen
 .text.SSD1306_Fill
                0x08001ecc       0x18 ./Core/Src/ssd1306.o
                0x08001ecc                SSD1306_Fill
 .text.SSD1306_Init
                0x08001ee4      0x158 ./Core/Src/ssd1306.o
                0x08001ee4                SSD1306_Init
 .text.SSD1306_DrawPixel
                0x0800203c       0x4c ./Core/Src/ssd1306.o
                0x0800203c                SSD1306_DrawPixel
 .text.SSD1306_GotoXY
                0x08002088        0xc ./Core/Src/ssd1306.o
                0x08002088                SSD1306_GotoXY
 .text.SSD1306_Putc
                0x08002094       0x9c ./Core/Src/ssd1306.o
                0x08002094                SSD1306_Putc
 .text.SSD1306_Puts
                0x08002130       0x20 ./Core/Src/ssd1306.o
                0x08002130                SSD1306_Puts
 .text.SSD1306_Clear
                0x08002150       0x10 ./Core/Src/ssd1306.o
                0x08002150                SSD1306_Clear
 .text.HAL_MspInit
                0x08002160       0x44 ./Core/Src/stm32f1xx_hal_msp.o
                0x08002160                HAL_MspInit
 .text.HAL_ADC_MspInit
                0x080021a4       0x9c ./Core/Src/stm32f1xx_hal_msp.o
                0x080021a4                HAL_ADC_MspInit
 .text.HAL_I2C_MspInit
                0x08002240       0x64 ./Core/Src/stm32f1xx_hal_msp.o
                0x08002240                HAL_I2C_MspInit
 .text.HAL_TIM_Base_MspInit
                0x080022a4       0x68 ./Core/Src/stm32f1xx_hal_msp.o
                0x080022a4                HAL_TIM_Base_MspInit
 .text.HAL_TIM_MspPostInit
                0x0800230c       0x50 ./Core/Src/stm32f1xx_hal_msp.o
                0x0800230c                HAL_TIM_MspPostInit
 .text.HAL_UART_MspInit
                0x0800235c       0x88 ./Core/Src/stm32f1xx_hal_msp.o
                0x0800235c                HAL_UART_MspInit
 .text.NMI_Handler
                0x080023e4        0x2 ./Core/Src/stm32f1xx_it.o
                0x080023e4                NMI_Handler
 .text.HardFault_Handler
                0x080023e6        0x2 ./Core/Src/stm32f1xx_it.o
                0x080023e6                HardFault_Handler
 .text.MemManage_Handler
                0x080023e8        0x2 ./Core/Src/stm32f1xx_it.o
                0x080023e8                MemManage_Handler
 .text.BusFault_Handler
                0x080023ea        0x2 ./Core/Src/stm32f1xx_it.o
                0x080023ea                BusFault_Handler
 .text.UsageFault_Handler
                0x080023ec        0x2 ./Core/Src/stm32f1xx_it.o
                0x080023ec                UsageFault_Handler
 .text.SVC_Handler
                0x080023ee        0x2 ./Core/Src/stm32f1xx_it.o
                0x080023ee                SVC_Handler
 .text.DebugMon_Handler
                0x080023f0        0x2 ./Core/Src/stm32f1xx_it.o
                0x080023f0                DebugMon_Handler
 .text.PendSV_Handler
                0x080023f2        0x2 ./Core/Src/stm32f1xx_it.o
                0x080023f2                PendSV_Handler
 .text.SysTick_Handler
                0x080023f4        0x4 ./Core/Src/stm32f1xx_it.o
                0x080023f4                SysTick_Handler
 .text.DMA1_Channel1_IRQHandler
                0x080023f8        0xc ./Core/Src/stm32f1xx_it.o
                0x080023f8                DMA1_Channel1_IRQHandler
 .text.USB_LP_CAN1_RX0_IRQHandler
                0x08002404        0xc ./Core/Src/stm32f1xx_it.o
                0x08002404                USB_LP_CAN1_RX0_IRQHandler
 .text.USART1_IRQHandler
                0x08002410        0xc ./Core/Src/stm32f1xx_it.o
                0x08002410                USART1_IRQHandler
 .text._sbrk    0x0800241c       0x40 ./Core/Src/sysmem.o
                0x0800241c                _sbrk
 .text.SystemInit
                0x0800245c        0x2 ./Core/Src/system_stm32f1xx.o
                0x0800245c                SystemInit
 *fill*         0x0800245e        0x2 
 .text.Reset_Handler
                0x08002460       0x48 ./Core/Startup/startup_stm32f103c8tx.o
                0x08002460                Reset_Handler
 .text.Default_Handler
                0x080024a8        0x2 ./Core/Startup/startup_stm32f103c8tx.o
                0x080024a8                RTC_Alarm_IRQHandler
                0x080024a8                EXTI2_IRQHandler
                0x080024a8                TIM1_CC_IRQHandler
                0x080024a8                PVD_IRQHandler
                0x080024a8                EXTI3_IRQHandler
                0x080024a8                EXTI0_IRQHandler
                0x080024a8                I2C2_EV_IRQHandler
                0x080024a8                ADC1_2_IRQHandler
                0x080024a8                SPI1_IRQHandler
                0x080024a8                TAMPER_IRQHandler
                0x080024a8                DMA1_Channel4_IRQHandler
                0x080024a8                USART3_IRQHandler
                0x080024a8                RTC_IRQHandler
                0x080024a8                DMA1_Channel7_IRQHandler
                0x080024a8                CAN1_RX1_IRQHandler
                0x080024a8                TIM4_IRQHandler
                0x080024a8                I2C1_EV_IRQHandler
                0x080024a8                DMA1_Channel6_IRQHandler
                0x080024a8                TIM3_IRQHandler
                0x080024a8                RCC_IRQHandler
                0x080024a8                TIM1_TRG_COM_IRQHandler
                0x080024a8                Default_Handler
                0x080024a8                EXTI15_10_IRQHandler
                0x080024a8                EXTI9_5_IRQHandler
                0x080024a8                SPI2_IRQHandler
                0x080024a8                DMA1_Channel5_IRQHandler
                0x080024a8                EXTI4_IRQHandler
                0x080024a8                USB_HP_CAN1_TX_IRQHandler
                0x080024a8                DMA1_Channel3_IRQHandler
                0x080024a8                TIM1_UP_IRQHandler
                0x080024a8                WWDG_IRQHandler
                0x080024a8                TIM2_IRQHandler
                0x080024a8                TIM1_BRK_IRQHandler
                0x080024a8                EXTI1_IRQHandler
                0x080024a8                USART2_IRQHandler
                0x080024a8                I2C2_ER_IRQHandler
                0x080024a8                DMA1_Channel2_IRQHandler
                0x080024a8                CAN1_SCE_IRQHandler
                0x080024a8                FLASH_IRQHandler
                0x080024a8                I2C1_ER_IRQHandler
                0x080024a8                USBWakeUp_IRQHandler
 *fill*         0x080024aa        0x2 
 .text.HAL_InitTick
                0x080024ac       0x48 ./Drivers/STM32F1xx_HAL_Driver/Src/stm32f1xx_hal.o
                0x080024ac                HAL_InitTick
 .text.HAL_Init
                0x080024f4       0x24 ./Drivers/STM32F1xx_HAL_Driver/Src/stm32f1xx_hal.o
                0x080024f4                HAL_Init
 .text.HAL_IncTick
                0x08002518       0x18 ./Drivers/STM32F1xx_HAL_Driver/Src/stm32f1xx_hal.o
                0x08002518                HAL_IncTick
 .text.HAL_GetTick
                0x08002530        0xc ./Drivers/STM32F1xx_HAL_Driver/Src/stm32f1xx_hal.o
                0x08002530                HAL_GetTick
 .text.ADC_DMAConvCplt
                0x0800253c       0x4e ./Drivers/STM32F1xx_HAL_Driver/Src/stm32f1xx_hal_adc.o
                0x0800253c                ADC_DMAConvCplt
 .text.HAL_ADC_ConvHalfCpltCallback
                0x0800258a        0x2 ./Drivers/STM32F1xx_HAL_Driver/Src/stm32f1xx_hal_adc.o
                0x0800258a                HAL_ADC_ConvHalfCpltCallback
 .text.ADC_DMAHalfConvCplt
                0x0800258c        0xa ./Drivers/STM32F1xx_HAL_Driver/Src/stm32f1xx_hal_adc.o
                0x0800258c                ADC_DMAHalfConvCplt
 .text.HAL_ADC_ErrorCallback
                0x08002596        0x2 ./Drivers/STM32F1xx_HAL_Driver/Src/stm32f1xx_hal_adc.o
                0x08002596                HAL_ADC_ErrorCallback
 .text.ADC_DMAError
                0x08002598       0x1a ./Drivers/STM32F1xx_HAL_Driver/Src/stm32f1xx_hal_adc.o
                0x08002598                ADC_DMAError
 *fill*         0x080025b2        0x2 
 .text.HAL_ADC_ConfigChannel
                0x080025b4       0xfc ./Drivers/STM32F1xx_HAL_Driver/Src/stm32f1xx_hal_adc.o
                0x080025b4                HAL_ADC_ConfigChannel
 .text.ADC_Enable
                0x080026b0       0x78 ./Drivers/STM32F1xx_HAL_Driver/Src/stm32f1xx_hal_adc.o
                0x080026b0                ADC_Enable
 .text.HAL_ADC_Start_DMA
                0x08002728      0x11c ./Drivers/STM32F1xx_HAL_Driver/Src/stm32f1xx_hal_adc.o
                0x08002728                HAL_ADC_Start_DMA
 .text.ADC_ConversionStop_Disable
                0x08002844       0x4c ./Drivers/STM32F1xx_HAL_Driver/Src/stm32f1xx_hal_adc.o
                0x08002844                ADC_ConversionStop_Disable
 .text.HAL_ADC_Init
                0x08002890       0xfc ./Drivers/STM32F1xx_HAL_Driver/Src/stm32f1xx_hal_adc.o
                0x08002890                HAL_ADC_Init
 .text.HAL_NVIC_SetPriorityGrouping
                0x0800298c       0x24 ./Drivers/STM32F1xx_HAL_Driver/Src/stm32f1xx_hal_cortex.o
                0x0800298c                HAL_NVIC_SetPriorityGrouping
 .text.HAL_NVIC_SetPriority
                0x080029b0       0x60 ./Drivers/STM32F1xx_HAL_Driver/Src/stm32f1xx_hal_cortex.o
                0x080029b0                HAL_NVIC_SetPriority
 .text.HAL_NVIC_EnableIRQ
                0x08002a10       0x1c ./Drivers/STM32F1xx_HAL_Driver/Src/stm32f1xx_hal_cortex.o
                0x08002a10                HAL_NVIC_EnableIRQ
 .text.HAL_SYSTICK_Config
                0x08002a2c       0x28 ./Drivers/STM32F1xx_HAL_Driver/Src/stm32f1xx_hal_cortex.o
                0x08002a2c                HAL_SYSTICK_Config
 .text.HAL_DMA_Init
                0x08002a54       0x60 ./Drivers/STM32F1xx_HAL_Driver/Src/stm32f1xx_hal_dma.o
                0x08002a54                HAL_DMA_Init
 .text.HAL_DMA_Start_IT
                0x08002ab4       0x78 ./Drivers/STM32F1xx_HAL_Driver/Src/stm32f1xx_hal_dma.o
                0x08002ab4                HAL_DMA_Start_IT
 .text.HAL_DMA_Abort
                0x08002b2c       0x3e ./Drivers/STM32F1xx_HAL_Driver/Src/stm32f1xx_hal_dma.o
                0x08002b2c                HAL_DMA_Abort
 *fill*         0x08002b6a        0x2 
 .text.HAL_DMA_Abort_IT
                0x08002b6c       0x8c ./Drivers/STM32F1xx_HAL_Driver/Src/stm32f1xx_hal_dma.o
                0x08002b6c                HAL_DMA_Abort_IT
 .text.HAL_DMA_IRQHandler
                0x08002bf8      0x128 ./Drivers/STM32F1xx_HAL_Driver/Src/stm32f1xx_hal_dma.o
                0x08002bf8                HAL_DMA_IRQHandler
 .text.HAL_GPIO_Init
                0x08002d20      0x1a8 ./Drivers/STM32F1xx_HAL_Driver/Src/stm32f1xx_hal_gpio.o
                0x08002d20                HAL_GPIO_Init
 .text.HAL_GPIO_WritePin
                0x08002ec8        0xa ./Drivers/STM32F1xx_HAL_Driver/Src/stm32f1xx_hal_gpio.o
                0x08002ec8                HAL_GPIO_WritePin
 .text.HAL_GPIO_TogglePin
                0x08002ed2       0x12 ./Drivers/STM32F1xx_HAL_Driver/Src/stm32f1xx_hal_gpio.o
                0x08002ed2                HAL_GPIO_TogglePin
 .text.I2C_IsAcknowledgeFailed
                0x08002ee4       0x32 ./Drivers/STM32F1xx_HAL_Driver/Src/stm32f1xx_hal_i2c.o
 .text.I2C_WaitOnFlagUntilTimeout
                0x08002f16       0x80 ./Drivers/STM32F1xx_HAL_Driver/Src/stm32f1xx_hal_i2c.o
 .text.I2C_WaitOnMasterAddressFlagUntilTimeout
                0x08002f96       0x84 ./Drivers/STM32F1xx_HAL_Driver/Src/stm32f1xx_hal_i2c.o
 .text.I2C_WaitOnTXEFlagUntilTimeout
                0x0800301a       0x54 ./Drivers/STM32F1xx_HAL_Driver/Src/stm32f1xx_hal_i2c.o
 *fill*         0x0800306e        0x2 
 .text.I2C_RequestMemoryWrite
                0x08003070       0xb4 ./Drivers/STM32F1xx_HAL_Driver/Src/stm32f1xx_hal_i2c.o
 .text.I2C_RequestMemoryRead
                0x08003124      0x108 ./Drivers/STM32F1xx_HAL_Driver/Src/stm32f1xx_hal_i2c.o
 .text.I2C_WaitOnBTFFlagUntilTimeout
                0x0800322c       0x54 ./Drivers/STM32F1xx_HAL_Driver/Src/stm32f1xx_hal_i2c.o
 .text.I2C_WaitOnRXNEFlagUntilTimeout
                0x08003280       0x66 ./Drivers/STM32F1xx_HAL_Driver/Src/stm32f1xx_hal_i2c.o
 *fill*         0x080032e6        0x2 
 .text.HAL_I2C_Init
                0x080032e8      0x150 ./Drivers/STM32F1xx_HAL_Driver/Src/stm32f1xx_hal_i2c.o
                0x080032e8                HAL_I2C_Init
 .text.HAL_I2C_Master_Transmit
                0x08003438      0x1b4 ./Drivers/STM32F1xx_HAL_Driver/Src/stm32f1xx_hal_i2c.o
                0x08003438                HAL_I2C_Master_Transmit
 .text.HAL_I2C_Mem_Write
                0x080035ec      0x120 ./Drivers/STM32F1xx_HAL_Driver/Src/stm32f1xx_hal_i2c.o
                0x080035ec                HAL_I2C_Mem_Write
 .text.HAL_I2C_Mem_Read
                0x0800370c      0x288 ./Drivers/STM32F1xx_HAL_Driver/Src/stm32f1xx_hal_i2c.o
                0x0800370c                HAL_I2C_Mem_Read
 .text.HAL_I2C_IsDeviceReady
                0x08003994      0x168 ./Drivers/STM32F1xx_HAL_Driver/Src/stm32f1xx_hal_i2c.o
                0x08003994                HAL_I2C_IsDeviceReady
 .text.HAL_PCD_Init
                0x08003afc       0xc6 ./Drivers/STM32F1xx_HAL_Driver/Src/stm32f1xx_hal_pcd.o
                0x08003afc                HAL_PCD_Init
 .text.HAL_PCD_Start
                0x08003bc2       0x32 ./Drivers/STM32F1xx_HAL_Driver/Src/stm32f1xx_hal_pcd.o
                0x08003bc2                HAL_PCD_Start
 .text.HAL_PCD_SetAddress
                0x08003bf4       0x26 ./Drivers/STM32F1xx_HAL_Driver/Src/stm32f1xx_hal_pcd.o
                0x08003bf4                HAL_PCD_SetAddress
 *fill*         0x08003c1a        0x2 
 .text.HAL_PCD_IRQHandler
                0x08003c1c      0xa08 ./Drivers/STM32F1xx_HAL_Driver/Src/stm32f1xx_hal_pcd.o
                0x08003c1c                HAL_PCD_IRQHandler
 .text.HAL_PCD_EP_Open
                0x08004624       0x60 ./Drivers/STM32F1xx_HAL_Driver/Src/stm32f1xx_hal_pcd.o
                0x08004624                HAL_PCD_EP_Open
 .text.HAL_PCD_EP_Close
                0x08004684       0x50 ./Drivers/STM32F1xx_HAL_Driver/Src/stm32f1xx_hal_pcd.o
                0x08004684                HAL_PCD_EP_Close
 .text.HAL_PCD_EP_Receive
                0x080046d4       0x2e ./Drivers/STM32F1xx_HAL_Driver/Src/stm32f1xx_hal_pcd.o
                0x080046d4                HAL_PCD_EP_Receive
 .text.HAL_PCD_EP_GetRxCount
                0x08004702       0x10 ./Drivers/STM32F1xx_HAL_Driver/Src/stm32f1xx_hal_pcd.o
                0x08004702                HAL_PCD_EP_GetRxCount
 .text.HAL_PCD_EP_Transmit
                0x08004712       0x30 ./Drivers/STM32F1xx_HAL_Driver/Src/stm32f1xx_hal_pcd.o
                0x08004712                HAL_PCD_EP_Transmit
 .text.HAL_PCD_EP_SetStall
                0x08004742       0x6c ./Drivers/STM32F1xx_HAL_Driver/Src/stm32f1xx_hal_pcd.o
                0x08004742                HAL_PCD_EP_SetStall
 .text.HAL_PCD_EP_ClrStall
                0x080047ae       0x64 ./Drivers/STM32F1xx_HAL_Driver/Src/stm32f1xx_hal_pcd.o
                0x080047ae                HAL_PCD_EP_ClrStall
 .text.HAL_PCDEx_PMAConfig
                0x08004812       0x32 ./Drivers/STM32F1xx_HAL_Driver/Src/stm32f1xx_hal_pcd_ex.o
                0x08004812                HAL_PCDEx_PMAConfig
 .text.HAL_RCC_OscConfig
                0x08004844      0x338 ./Drivers/STM32F1xx_HAL_Driver/Src/stm32f1xx_hal_rcc.o
                0x08004844                HAL_RCC_OscConfig
 .text.HAL_RCC_GetSysClockFreq
                0x08004b7c       0x4c ./Drivers/STM32F1xx_HAL_Driver/Src/stm32f1xx_hal_rcc.o
                0x08004b7c                HAL_RCC_GetSysClockFreq
 .text.HAL_RCC_ClockConfig
                0x08004bc8      0x138 ./Drivers/STM32F1xx_HAL_Driver/Src/stm32f1xx_hal_rcc.o
                0x08004bc8                HAL_RCC_ClockConfig
 .text.HAL_RCC_GetPCLK1Freq
                0x08004d00       0x20 ./Drivers/STM32F1xx_HAL_Driver/Src/stm32f1xx_hal_rcc.o
                0x08004d00                HAL_RCC_GetPCLK1Freq
 .text.HAL_RCC_GetPCLK2Freq
                0x08004d20       0x20 ./Drivers/STM32F1xx_HAL_Driver/Src/stm32f1xx_hal_rcc.o
                0x08004d20                HAL_RCC_GetPCLK2Freq
 .text.HAL_RCCEx_PeriphCLKConfig
                0x08004d40       0xf4 ./Drivers/STM32F1xx_HAL_Driver/Src/stm32f1xx_hal_rcc_ex.o
                0x08004d40                HAL_RCCEx_PeriphCLKConfig
 .text.TIM_OC1_SetConfig
                0x08004e34       0x50 ./Drivers/STM32F1xx_HAL_Driver/Src/stm32f1xx_hal_tim.o
 .text.TIM_OC3_SetConfig
                0x08004e84       0x54 ./Drivers/STM32F1xx_HAL_Driver/Src/stm32f1xx_hal_tim.o
 .text.TIM_OC4_SetConfig
                0x08004ed8       0x44 ./Drivers/STM32F1xx_HAL_Driver/Src/stm32f1xx_hal_tim.o
 .text.HAL_TIM_Base_Start
                0x08004f1c       0x4c ./Drivers/STM32F1xx_HAL_Driver/Src/stm32f1xx_hal_tim.o
                0x08004f1c                HAL_TIM_Base_Start
 .text.HAL_TIM_PWM_MspInit
                0x08004f68        0x2 ./Drivers/STM32F1xx_HAL_Driver/Src/stm32f1xx_hal_tim.o
                0x08004f68                HAL_TIM_PWM_MspInit
 *fill*         0x08004f6a        0x2 
 .text.TIM_Base_SetConfig
                0x08004f6c       0x64 ./Drivers/STM32F1xx_HAL_Driver/Src/stm32f1xx_hal_tim.o
                0x08004f6c                TIM_Base_SetConfig
 .text.HAL_TIM_Base_Init
                0x08004fd0       0x58 ./Drivers/STM32F1xx_HAL_Driver/Src/stm32f1xx_hal_tim.o
                0x08004fd0                HAL_TIM_Base_Init
 .text.HAL_TIM_PWM_Init
                0x08005028       0x58 ./Drivers/STM32F1xx_HAL_Driver/Src/stm32f1xx_hal_tim.o
                0x08005028                HAL_TIM_PWM_Init
 .text.TIM_OC2_SetConfig
                0x08005080       0x58 ./Drivers/STM32F1xx_HAL_Driver/Src/stm32f1xx_hal_tim.o
                0x08005080                TIM_OC2_SetConfig
 .text.HAL_TIM_PWM_ConfigChannel
                0x080050d8       0xb0 ./Drivers/STM32F1xx_HAL_Driver/Src/stm32f1xx_hal_tim.o
                0x080050d8                HAL_TIM_PWM_ConfigChannel
 .text.TIM_ETR_SetConfig
                0x08005188       0x14 ./Drivers/STM32F1xx_HAL_Driver/Src/stm32f1xx_hal_tim.o
                0x08005188                TIM_ETR_SetConfig
 .text.HAL_TIM_ConfigClockSource
                0x0800519c      0x132 ./Drivers/STM32F1xx_HAL_Driver/Src/stm32f1xx_hal_tim.o
                0x0800519c                HAL_TIM_ConfigClockSource
 .text.TIM_CCxChannelCmd
                0x080052ce       0x1c ./Drivers/STM32F1xx_HAL_Driver/Src/stm32f1xx_hal_tim.o
                0x080052ce                TIM_CCxChannelCmd
 *fill*         0x080052ea        0x2 
 .text.HAL_TIM_OC_Start
                0x080052ec       0x9c ./Drivers/STM32F1xx_HAL_Driver/Src/stm32f1xx_hal_tim.o
                0x080052ec                HAL_TIM_OC_Start
 .text.HAL_TIM_PWM_Start
                0x08005388        0x4 ./Drivers/STM32F1xx_HAL_Driver/Src/stm32f1xx_hal_tim.o
                0x08005388                HAL_TIM_PWM_Start
 .text.HAL_TIMEx_MasterConfigSynchronization
                0x0800538c       0x5c ./Drivers/STM32F1xx_HAL_Driver/Src/stm32f1xx_hal_tim_ex.o
                0x0800538c                HAL_TIMEx_MasterConfigSynchronization
 .text.UART_EndRxTransfer
                0x080053e8       0x5c ./Drivers/STM32F1xx_HAL_Driver/Src/stm32f1xx_hal_uart.o
 .text.UART_SetConfig
                0x08005444       0x74 ./Drivers/STM32F1xx_HAL_Driver/Src/stm32f1xx_hal_uart.o
 .text.UART_WaitOnFlagUntilTimeout.constprop.0
                0x080054b8       0x64 ./Drivers/STM32F1xx_HAL_Driver/Src/stm32f1xx_hal_uart.o
 .text.HAL_UART_Init
                0x0800551c       0x5e ./Drivers/STM32F1xx_HAL_Driver/Src/stm32f1xx_hal_uart.o
                0x0800551c                HAL_UART_Init
 .text.HAL_UART_Transmit
                0x0800557a       0x9c ./Drivers/STM32F1xx_HAL_Driver/Src/stm32f1xx_hal_uart.o
                0x0800557a                HAL_UART_Transmit
 .text.HAL_UART_TxCpltCallback
                0x08005616        0x2 ./Drivers/STM32F1xx_HAL_Driver/Src/stm32f1xx_hal_uart.o
                0x08005616                HAL_UART_TxCpltCallback
 .text.HAL_UART_ErrorCallback
                0x08005618        0x2 ./Drivers/STM32F1xx_HAL_Driver/Src/stm32f1xx_hal_uart.o
                0x08005618                HAL_UART_ErrorCallback
 .text.UART_DMAAbortOnError
                0x0800561a       0x10 ./Drivers/STM32F1xx_HAL_Driver/Src/stm32f1xx_hal_uart.o
 .text.HAL_UARTEx_RxEventCallback
                0x0800562a        0x2 ./Drivers/STM32F1xx_HAL_Driver/Src/stm32f1xx_hal_uart.o
                0x0800562a                HAL_UARTEx_RxEventCallback
 .text.UART_Receive_IT.isra.0
                0x0800562c       0xb6 ./Drivers/STM32F1xx_HAL_Driver/Src/stm32f1xx_hal_uart.o
 *fill*         0x080056e2        0x2 
 .text.HAL_UART_IRQHandler
                0x080056e4      0x294 ./Drivers/STM32F1xx_HAL_Driver/Src/stm32f1xx_hal_uart.o
                0x080056e4                HAL_UART_IRQHandler
 .text.UART_Start_Receive_IT
                0x08005978       0x32 ./Drivers/STM32F1xx_HAL_Driver/Src/stm32f1xx_hal_uart.o
                0x08005978                UART_Start_Receive_IT
 .text.HAL_UART_Receive_IT
                0x080059aa       0x22 ./Drivers/STM32F1xx_HAL_Driver/Src/stm32f1xx_hal_uart.o
                0x080059aa                HAL_UART_Receive_IT
 .text.USB_CoreInit
                0x080059cc        0xe ./Drivers/STM32F1xx_HAL_Driver/Src/stm32f1xx_ll_usb.o
                0x080059cc                USB_CoreInit
 .text.USB_EnableGlobalInt
                0x080059da       0x12 ./Drivers/STM32F1xx_HAL_Driver/Src/stm32f1xx_ll_usb.o
                0x080059da                USB_EnableGlobalInt
 .text.USB_DisableGlobalInt
                0x080059ec       0x14 ./Drivers/STM32F1xx_HAL_Driver/Src/stm32f1xx_ll_usb.o
                0x080059ec                USB_DisableGlobalInt
 .text.USB_SetCurrentMode
                0x08005a00        0x4 ./Drivers/STM32F1xx_HAL_Driver/Src/stm32f1xx_ll_usb.o
                0x08005a00                USB_SetCurrentMode
 .text.USB_DevInit
                0x08005a04       0x22 ./Drivers/STM32F1xx_HAL_Driver/Src/stm32f1xx_ll_usb.o
                0x08005a04                USB_DevInit
 *fill*         0x08005a26        0x2 
 .text.USB_ActivateEndpoint
                0x08005a28      0x2c0 ./Drivers/STM32F1xx_HAL_Driver/Src/stm32f1xx_ll_usb.o
                0x08005a28                USB_ActivateEndpoint
 .text.USB_DeactivateEndpoint
                0x08005ce8      0x1a6 ./Drivers/STM32F1xx_HAL_Driver/Src/stm32f1xx_ll_usb.o
                0x08005ce8                USB_DeactivateEndpoint
 .text.USB_EPSetStall
                0x08005e8e       0x40 ./Drivers/STM32F1xx_HAL_Driver/Src/stm32f1xx_ll_usb.o
                0x08005e8e                USB_EPSetStall
 .text.USB_EPClearStall
                0x08005ece       0x92 ./Drivers/STM32F1xx_HAL_Driver/Src/stm32f1xx_ll_usb.o
                0x08005ece                USB_EPClearStall
 .text.USB_SetDevAddress
                0x08005f60        0xc ./Drivers/STM32F1xx_HAL_Driver/Src/stm32f1xx_ll_usb.o
                0x08005f60                USB_SetDevAddress
 .text.USB_DevConnect
                0x08005f6c        0x4 ./Drivers/STM32F1xx_HAL_Driver/Src/stm32f1xx_ll_usb.o
                0x08005f6c                USB_DevConnect
 .text.USB_DevDisconnect
                0x08005f70        0x4 ./Drivers/STM32F1xx_HAL_Driver/Src/stm32f1xx_ll_usb.o
                0x08005f70                USB_DevDisconnect
 .text.USB_ReadInterrupts
                0x08005f74        0x8 ./Drivers/STM32F1xx_HAL_Driver/Src/stm32f1xx_ll_usb.o
                0x08005f74                USB_ReadInterrupts
 .text.USB_EP0_OutStart
                0x08005f7c        0x4 ./Drivers/STM32F1xx_HAL_Driver/Src/stm32f1xx_ll_usb.o
                0x08005f7c                USB_EP0_OutStart
 .text.USB_WritePMA
                0x08005f80       0x20 ./Drivers/STM32F1xx_HAL_Driver/Src/stm32f1xx_ll_usb.o
                0x08005f80                USB_WritePMA
 .text.USB_EPStartXfer
                0x08005fa0      0x46a ./Drivers/STM32F1xx_HAL_Driver/Src/stm32f1xx_ll_usb.o
                0x08005fa0                USB_EPStartXfer
 .text.USB_ReadPMA
                0x0800640a       0x38 ./Drivers/STM32F1xx_HAL_Driver/Src/stm32f1xx_ll_usb.o
                0x0800640a                USB_ReadPMA
 .text.USBD_CDC_EP0_RxReady
                0x08006442       0x28 ./Middlewares/ST/STM32_USB_Device_Library/Class/CDC/Src/usbd_cdc.o
 *fill*         0x0800646a        0x2 
 .text.USBD_CDC_GetFSCfgDesc
                0x0800646c        0xc ./Middlewares/ST/STM32_USB_Device_Library/Class/CDC/Src/usbd_cdc.o
 .text.USBD_CDC_GetHSCfgDesc
                0x08006478        0xc ./Middlewares/ST/STM32_USB_Device_Library/Class/CDC/Src/usbd_cdc.o
 .text.USBD_CDC_GetOtherSpeedCfgDesc
                0x08006484        0xc ./Middlewares/ST/STM32_USB_Device_Library/Class/CDC/Src/usbd_cdc.o
 .text.USBD_CDC_GetDeviceQualifierDescriptor
                0x08006490        0xc ./Middlewares/ST/STM32_USB_Device_Library/Class/CDC/Src/usbd_cdc.o
                0x08006490                USBD_CDC_GetDeviceQualifierDescriptor
 .text.USBD_CDC_DataOut
                0x0800649c       0x2e ./Middlewares/ST/STM32_USB_Device_Library/Class/CDC/Src/usbd_cdc.o
 .text.USBD_CDC_DataIn
                0x080064ca       0x40 ./Middlewares/ST/STM32_USB_Device_Library/Class/CDC/Src/usbd_cdc.o
 .text.USBD_CDC_Setup
                0x0800650a       0xa2 ./Middlewares/ST/STM32_USB_Device_Library/Class/CDC/Src/usbd_cdc.o
 .text.USBD_CDC_DeInit
                0x080065ac       0x42 ./Middlewares/ST/STM32_USB_Device_Library/Class/CDC/Src/usbd_cdc.o
 .text.USBD_CDC_Init
                0x080065ee       0x8c ./Middlewares/ST/STM32_USB_Device_Library/Class/CDC/Src/usbd_cdc.o
 .text.USBD_CDC_RegisterInterface
                0x0800667a        0xe ./Middlewares/ST/STM32_USB_Device_Library/Class/CDC/Src/usbd_cdc.o
                0x0800667a                USBD_CDC_RegisterInterface
 .text.USBD_CDC_SetTxBuffer
                0x08006688       0x10 ./Middlewares/ST/STM32_USB_Device_Library/Class/CDC/Src/usbd_cdc.o
                0x08006688                USBD_CDC_SetTxBuffer
 .text.USBD_CDC_SetRxBuffer
                0x08006698        0xc ./Middlewares/ST/STM32_USB_Device_Library/Class/CDC/Src/usbd_cdc.o
                0x08006698                USBD_CDC_SetRxBuffer
 .text.USBD_CDC_ReceivePacket
                0x080066a4       0x26 ./Middlewares/ST/STM32_USB_Device_Library/Class/CDC/Src/usbd_cdc.o
                0x080066a4                USBD_CDC_ReceivePacket
 .text.USBD_Init
                0x080066ca       0x2a ./Middlewares/ST/STM32_USB_Device_Library/Core/Src/usbd_core.o
                0x080066ca                USBD_Init
 .text.USBD_RegisterClass
                0x080066f4        0xe ./Middlewares/ST/STM32_USB_Device_Library/Core/Src/usbd_core.o
                0x080066f4                USBD_RegisterClass
 .text.USBD_Start
                0x08006702        0xa ./Middlewares/ST/STM32_USB_Device_Library/Core/Src/usbd_core.o
                0x08006702                USBD_Start
 .text.USBD_SetClassConfig
                0x0800670c       0x1a ./Middlewares/ST/STM32_USB_Device_Library/Core/Src/usbd_core.o
                0x0800670c                USBD_SetClassConfig
 .text.USBD_ClrClassConfig
                0x08006726        0xe ./Middlewares/ST/STM32_USB_Device_Library/Core/Src/usbd_core.o
                0x08006726                USBD_ClrClassConfig
 .text.USBD_LL_SetupStage
                0x08006734       0x5a ./Middlewares/ST/STM32_USB_Device_Library/Core/Src/usbd_core.o
                0x08006734                USBD_LL_SetupStage
 .text.USBD_LL_DataOutStage
                0x0800678e       0x70 ./Middlewares/ST/STM32_USB_Device_Library/Core/Src/usbd_core.o
                0x0800678e                USBD_LL_DataOutStage
 .text.USBD_LL_DataInStage
                0x080067fe       0xb8 ./Middlewares/ST/STM32_USB_Device_Library/Core/Src/usbd_core.o
                0x080067fe                USBD_LL_DataInStage
 .text.USBD_LL_Reset
                0x080068b6       0x4e ./Middlewares/ST/STM32_USB_Device_Library/Core/Src/usbd_core.o
                0x080068b6                USBD_LL_Reset
 .text.USBD_LL_SetSpeed
                0x08006904        0x6 ./Middlewares/ST/STM32_USB_Device_Library/Core/Src/usbd_core.o
                0x08006904                USBD_LL_SetSpeed
 .text.USBD_LL_Suspend
                0x0800690a       0x12 ./Middlewares/ST/STM32_USB_Device_Library/Core/Src/usbd_core.o
                0x0800690a                USBD_LL_Suspend
 .text.USBD_LL_Resume
                0x0800691c       0x14 ./Middlewares/ST/STM32_USB_Device_Library/Core/Src/usbd_core.o
                0x0800691c                USBD_LL_Resume
 .text.USBD_LL_SOF
                0x08006930       0x18 ./Middlewares/ST/STM32_USB_Device_Library/Core/Src/usbd_core.o
                0x08006930                USBD_LL_SOF
 .text.USBD_CtlError.constprop.0
                0x08006948       0x16 ./Middlewares/ST/STM32_USB_Device_Library/Core/Src/usbd_ctlreq.o
 *fill*         0x0800695e        0x2 
 .text.USBD_StdDevReq
                0x08006960      0x290 ./Middlewares/ST/STM32_USB_Device_Library/Core/Src/usbd_ctlreq.o
                0x08006960                USBD_StdDevReq
 .text.USBD_StdItfReq
                0x08006bf0       0x48 ./Middlewares/ST/STM32_USB_Device_Library/Core/Src/usbd_ctlreq.o
                0x08006bf0                USBD_StdItfReq
 .text.USBD_StdEPReq
                0x08006c38      0x118 ./Middlewares/ST/STM32_USB_Device_Library/Core/Src/usbd_ctlreq.o
                0x08006c38                USBD_StdEPReq
 .text.USBD_ParseSetupRequest
                0x08006d50       0x16 ./Middlewares/ST/STM32_USB_Device_Library/Core/Src/usbd_ctlreq.o
                0x08006d50                USBD_ParseSetupRequest
 .text.USBD_CtlError
                0x08006d66       0x16 ./Middlewares/ST/STM32_USB_Device_Library/Core/Src/usbd_ctlreq.o
                0x08006d66                USBD_CtlError
 .text.USBD_GetString
                0x08006d7c       0x38 ./Middlewares/ST/STM32_USB_Device_Library/Core/Src/usbd_ctlreq.o
                0x08006d7c                USBD_GetString
 .text.USBD_CtlSendData
                0x08006db4       0x1a ./Middlewares/ST/STM32_USB_Device_Library/Core/Src/usbd_ioreq.o
                0x08006db4                USBD_CtlSendData
 .text.USBD_CtlContinueSendData
                0x08006dce       0x10 ./Middlewares/ST/STM32_USB_Device_Library/Core/Src/usbd_ioreq.o
                0x08006dce                USBD_CtlContinueSendData
 .text.USBD_CtlPrepareRx
                0x08006dde       0x1a ./Middlewares/ST/STM32_USB_Device_Library/Core/Src/usbd_ioreq.o
                0x08006dde                USBD_CtlPrepareRx
 .text.USBD_CtlContinueRx
                0x08006df8       0x10 ./Middlewares/ST/STM32_USB_Device_Library/Core/Src/usbd_ioreq.o
                0x08006df8                USBD_CtlContinueRx
 .text.USBD_CtlSendStatus
                0x08006e08       0x16 ./Middlewares/ST/STM32_USB_Device_Library/Core/Src/usbd_ioreq.o
                0x08006e08                USBD_CtlSendStatus
 .text.USBD_CtlReceiveStatus
                0x08006e1e       0x16 ./Middlewares/ST/STM32_USB_Device_Library/Core/Src/usbd_ioreq.o
                0x08006e1e                USBD_CtlReceiveStatus
 .text.MX_USB_DEVICE_Init
                0x08006e34       0x50 ./USB_DEVICE/App/usb_device.o
                0x08006e34                MX_USB_DEVICE_Init
 .text.CDC_DeInit_FS
                0x08006e84        0x4 ./USB_DEVICE/App/usbd_cdc_if.o
 .text.CDC_Control_FS
                0x08006e88        0x4 ./USB_DEVICE/App/usbd_cdc_if.o
 .text.CDC_Receive_FS
                0x08006e8c       0x1c ./USB_DEVICE/App/usbd_cdc_if.o
 .text.CDC_Init_FS
                0x08006ea8       0x28 ./USB_DEVICE/App/usbd_cdc_if.o
 .text.CDC_Attach_RxFun
                0x08006ed0        0x2 ./USB_DEVICE/App/usbd_cdc_if.o
                0x08006ed0                CDC_Attach_RxFun
 *fill*         0x08006ed2        0x2 
 .text.USBD_FS_DeviceDescriptor
                0x08006ed4        0xc ./USB_DEVICE/App/usbd_desc.o
                0x08006ed4                USBD_FS_DeviceDescriptor
 .text.USBD_FS_LangIDStrDescriptor
                0x08006ee0        0xc ./USB_DEVICE/App/usbd_desc.o
                0x08006ee0                USBD_FS_LangIDStrDescriptor
 .text.IntToUnicode
                0x08006eec       0x2a ./USB_DEVICE/App/usbd_desc.o
 *fill*         0x08006f16        0x2 
 .text.USBD_FS_SerialStrDescriptor
                0x08006f18       0x28 ./USB_DEVICE/App/usbd_desc.o
                0x08006f18                USBD_FS_SerialStrDescriptor
 .text.USBD_FS_ManufacturerStrDescriptor
                0x08006f40       0x1c ./USB_DEVICE/App/usbd_desc.o
                0x08006f40                USBD_FS_ManufacturerStrDescriptor
 .text.USBD_FS_ProductStrDescriptor
                0x08006f5c       0x1c ./USB_DEVICE/App/usbd_desc.o
                0x08006f5c                USBD_FS_ProductStrDescriptor
 .text.USBD_FS_ConfigStrDescriptor
                0x08006f78       0x1c ./USB_DEVICE/App/usbd_desc.o
                0x08006f78                USBD_FS_ConfigStrDescriptor
 .text.USBD_FS_InterfaceStrDescriptor
                0x08006f94       0x1c ./USB_DEVICE/App/usbd_desc.o
                0x08006f94                USBD_FS_InterfaceStrDescriptor
 .text.USBD_Get_USB_Status
                0x08006fb0        0xc ./USB_DEVICE/Target/usbd_conf.o
 .text.HAL_PCD_MspInit
                0x08006fbc       0x40 ./USB_DEVICE/Target/usbd_conf.o
                0x08006fbc                HAL_PCD_MspInit
 .text.HAL_PCD_SetupStageCallback
                0x08006ffc        0xc ./USB_DEVICE/Target/usbd_conf.o
                0x08006ffc                HAL_PCD_SetupStageCallback
 .text.HAL_PCD_DataOutStageCallback
                0x08007008       0x12 ./USB_DEVICE/Target/usbd_conf.o
                0x08007008                HAL_PCD_DataOutStageCallback
 .text.HAL_PCD_DataInStageCallback
                0x0800701a       0x10 ./USB_DEVICE/Target/usbd_conf.o
                0x0800701a                HAL_PCD_DataInStageCallback
 .text.HAL_PCD_SOFCallback
                0x0800702a        0x8 ./USB_DEVICE/Target/usbd_conf.o
                0x0800702a                HAL_PCD_SOFCallback
 .text.HAL_PCD_ResetCallback
                0x08007032       0x24 ./USB_DEVICE/Target/usbd_conf.o
                0x08007032                HAL_PCD_ResetCallback
 *fill*         0x08007056        0x2 
 .text.HAL_PCD_SuspendCallback
                0x08007058       0x20 ./USB_DEVICE/Target/usbd_conf.o
                0x08007058                HAL_PCD_SuspendCallback
 .text.HAL_PCD_ResumeCallback
                0x08007078        0x8 ./USB_DEVICE/Target/usbd_conf.o
                0x08007078                HAL_PCD_ResumeCallback
 .text.USBD_LL_Init
                0x08007080       0x80 ./USB_DEVICE/Target/usbd_conf.o
                0x08007080                USBD_LL_Init
 .text.USBD_LL_Start
                0x08007100       0x12 ./USB_DEVICE/Target/usbd_conf.o
                0x08007100                USBD_LL_Start
 .text.USBD_LL_OpenEP
                0x08007112       0x18 ./USB_DEVICE/Target/usbd_conf.o
                0x08007112                USBD_LL_OpenEP
 .text.USBD_LL_CloseEP
                0x0800712a       0x12 ./USB_DEVICE/Target/usbd_conf.o
                0x0800712a                USBD_LL_CloseEP
 .text.USBD_LL_StallEP
                0x0800713c       0x12 ./USB_DEVICE/Target/usbd_conf.o
                0x0800713c                USBD_LL_StallEP
 .text.USBD_LL_ClearStallEP
                0x0800714e       0x12 ./USB_DEVICE/Target/usbd_conf.o
                0x0800714e                USBD_LL_ClearStallEP
 .text.USBD_LL_IsStallEP
                0x08007160       0x22 ./USB_DEVICE/Target/usbd_conf.o
                0x08007160                USBD_LL_IsStallEP
 .text.USBD_LL_SetUSBAddress
                0x08007182       0x12 ./USB_DEVICE/Target/usbd_conf.o
                0x08007182                USBD_LL_SetUSBAddress
 .text.USBD_LL_Transmit
                0x08007194       0x12 ./USB_DEVICE/Target/usbd_conf.o
                0x08007194                USBD_LL_Transmit
 .text.USBD_LL_PrepareReceive
                0x080071a6       0x12 ./USB_DEVICE/Target/usbd_conf.o
                0x080071a6                USBD_LL_PrepareReceive
 .text.USBD_LL_GetRxDataSize
                0x080071b8        0x8 ./USB_DEVICE/Target/usbd_conf.o
                0x080071b8                USBD_LL_GetRxDataSize
 .text.USBD_static_malloc
                0x080071c0        0x8 ./USB_DEVICE/Target/usbd_conf.o
                0x080071c0                USBD_static_malloc
 .text.USBD_static_free
                0x080071c8        0x2 ./USB_DEVICE/Target/usbd_conf.o
                0x080071c8                USBD_static_free
 .text.HAL_PCDEx_SetConnectionState
                0x080071ca        0x2 ./USB_DEVICE/Target/usbd_conf.o
                0x080071ca                HAL_PCDEx_SetConnectionState
 .text.__itoa   0x080071cc       0x30 C:/ST/STM32CubeIDE_1.18.0/STM32CubeIDE/plugins/com.st.stm32cube.ide.mcu.externaltools.gnu-tools-for-stm32.13.3.rel1.win32_1.0.0.202411081344/tools/bin/../lib/gcc/arm-none-eabi/13.3.1/../../../../arm-none-eabi/lib/thumb/v7-m/nofp\libc_nano.a(libc_a-itoa.o)
                0x080071cc                __itoa
 .text.itoa     0x080071fc        0x4 C:/ST/STM32CubeIDE_1.18.0/STM32CubeIDE/plugins/com.st.stm32cube.ide.mcu.externaltools.gnu-tools-for-stm32.13.3.rel1.win32_1.0.0.202411081344/tools/bin/../lib/gcc/arm-none-eabi/13.3.1/../../../../arm-none-eabi/lib/thumb/v7-m/nofp\libc_nano.a(libc_a-itoa.o)
                0x080071fc                itoa
 .text.__utoa   0x08007200       0x84 C:/ST/STM32CubeIDE_1.18.0/STM32CubeIDE/plugins/com.st.stm32cube.ide.mcu.externaltools.gnu-tools-for-stm32.13.3.rel1.win32_1.0.0.202411081344/tools/bin/../lib/gcc/arm-none-eabi/13.3.1/../../../../arm-none-eabi/lib/thumb/v7-m/nofp\libc_nano.a(libc_a-utoa.o)
                0x08007200                __utoa
 .text.sprintf  0x08007284       0x44 C:/ST/STM32CubeIDE_1.18.0/STM32CubeIDE/plugins/com.st.stm32cube.ide.mcu.externaltools.gnu-tools-for-stm32.13.3.rel1.win32_1.0.0.202411081344/tools/bin/../lib/gcc/arm-none-eabi/13.3.1/../../../../arm-none-eabi/lib/thumb/v7-m/nofp\libc_nano.a(libc_a-sprintf.o)
                0x08007284                siprintf
                0x08007284                sprintf
 .text.memset   0x080072c8       0x10 C:/ST/STM32CubeIDE_1.18.0/STM32CubeIDE/plugins/com.st.stm32cube.ide.mcu.externaltools.gnu-tools-for-stm32.13.3.rel1.win32_1.0.0.202411081344/tools/bin/../lib/gcc/arm-none-eabi/13.3.1/../../../../arm-none-eabi/lib/thumb/v7-m/nofp\libc_nano.a(libc_a-memset.o)
                0x080072c8                memset
 .text.strncpy  0x080072d8       0x26 C:/ST/STM32CubeIDE_1.18.0/STM32CubeIDE/plugins/com.st.stm32cube.ide.mcu.externaltools.gnu-tools-for-stm32.13.3.rel1.win32_1.0.0.202411081344/tools/bin/../lib/gcc/arm-none-eabi/13.3.1/../../../../arm-none-eabi/lib/thumb/v7-m/nofp\libc_nano.a(libc_a-strncpy.o)
                0x080072d8                strncpy
 *fill*         0x080072fe        0x2 
 .text.__errno  0x08007300        0xc C:/ST/STM32CubeIDE_1.18.0/STM32CubeIDE/plugins/com.st.stm32cube.ide.mcu.externaltools.gnu-tools-for-stm32.13.3.rel1.win32_1.0.0.202411081344/tools/bin/../lib/gcc/arm-none-eabi/13.3.1/../../../../arm-none-eabi/lib/thumb/v7-m/nofp\libc_nano.a(libc_a-errno.o)
                0x08007300                __errno
 .text.__libc_init_array
                0x0800730c       0x48 C:/ST/STM32CubeIDE_1.18.0/STM32CubeIDE/plugins/com.st.stm32cube.ide.mcu.externaltools.gnu-tools-for-stm32.13.3.rel1.win32_1.0.0.202411081344/tools/bin/../lib/gcc/arm-none-eabi/13.3.1/../../../../arm-none-eabi/lib/thumb/v7-m/nofp\libc_nano.a(libc_a-init.o)
                0x0800730c                __libc_init_array
 .text.__retarget_lock_acquire_recursive
                0x08007354        0x2 C:/ST/STM32CubeIDE_1.18.0/STM32CubeIDE/plugins/com.st.stm32cube.ide.mcu.externaltools.gnu-tools-for-stm32.13.3.rel1.win32_1.0.0.202411081344/tools/bin/../lib/gcc/arm-none-eabi/13.3.1/../../../../arm-none-eabi/lib/thumb/v7-m/nofp\libc_nano.a(libc_a-lock.o)
                0x08007354                __retarget_lock_acquire_recursive
 .text.__retarget_lock_release_recursive
                0x08007356        0x2 C:/ST/STM32CubeIDE_1.18.0/STM32CubeIDE/plugins/com.st.stm32cube.ide.mcu.externaltools.gnu-tools-for-stm32.13.3.rel1.win32_1.0.0.202411081344/tools/bin/../lib/gcc/arm-none-eabi/13.3.1/../../../../arm-none-eabi/lib/thumb/v7-m/nofp\libc_nano.a(libc_a-lock.o)
                0x08007356                __retarget_lock_release_recursive
 .text.strcpy   0x08007358       0x10 C:/ST/STM32CubeIDE_1.18.0/STM32CubeIDE/plugins/com.st.stm32cube.ide.mcu.externaltools.gnu-tools-for-stm32.13.3.rel1.win32_1.0.0.202411081344/tools/bin/../lib/gcc/arm-none-eabi/13.3.1/../../../../arm-none-eabi/lib/thumb/v7-m/nofp\libc_nano.a(libc_a-strcpy.o)
                0x08007358                strcpy
 .text._free_r  0x08007368       0x90 C:/ST/STM32CubeIDE_1.18.0/STM32CubeIDE/plugins/com.st.stm32cube.ide.mcu.externaltools.gnu-tools-for-stm32.13.3.rel1.win32_1.0.0.202411081344/tools/bin/../lib/gcc/arm-none-eabi/13.3.1/../../../../arm-none-eabi/lib/thumb/v7-m/nofp\libc_nano.a(libc_a-freer.o)
                0x08007368                _free_r
 .text.sbrk_aligned
                0x080073f8       0x44 C:/ST/STM32CubeIDE_1.18.0/STM32CubeIDE/plugins/com.st.stm32cube.ide.mcu.externaltools.gnu-tools-for-stm32.13.3.rel1.win32_1.0.0.202411081344/tools/bin/../lib/gcc/arm-none-eabi/13.3.1/../../../../arm-none-eabi/lib/thumb/v7-m/nofp\libc_nano.a(libc_a-mallocr.o)
 .text._malloc_r
                0x0800743c      0x100 C:/ST/STM32CubeIDE_1.18.0/STM32CubeIDE/plugins/com.st.stm32cube.ide.mcu.externaltools.gnu-tools-for-stm32.13.3.rel1.win32_1.0.0.202411081344/tools/bin/../lib/gcc/arm-none-eabi/13.3.1/../../../../arm-none-eabi/lib/thumb/v7-m/nofp\libc_nano.a(libc_a-mallocr.o)
                0x0800743c                _malloc_r
 .text.__malloc_lock
                0x0800753c        0xc C:/ST/STM32CubeIDE_1.18.0/STM32CubeIDE/plugins/com.st.stm32cube.ide.mcu.externaltools.gnu-tools-for-stm32.13.3.rel1.win32_1.0.0.202411081344/tools/bin/../lib/gcc/arm-none-eabi/13.3.1/../../../../arm-none-eabi/lib/thumb/v7-m/nofp\libc_nano.a(libc_a-mlock.o)
                0x0800753c                __malloc_lock
 .text.__malloc_unlock
                0x08007548        0xc C:/ST/STM32CubeIDE_1.18.0/STM32CubeIDE/plugins/com.st.stm32cube.ide.mcu.externaltools.gnu-tools-for-stm32.13.3.rel1.win32_1.0.0.202411081344/tools/bin/../lib/gcc/arm-none-eabi/13.3.1/../../../../arm-none-eabi/lib/thumb/v7-m/nofp\libc_nano.a(libc_a-mlock.o)
                0x08007548                __malloc_unlock
 .text.__ssputs_r
                0x08007554       0xb6 C:/ST/STM32CubeIDE_1.18.0/STM32CubeIDE/plugins/com.st.stm32cube.ide.mcu.externaltools.gnu-tools-for-stm32.13.3.rel1.win32_1.0.0.202411081344/tools/bin/../lib/gcc/arm-none-eabi/13.3.1/../../../../arm-none-eabi/lib/thumb/v7-m/nofp\libc_nano.a(libc_a-nano-svfprintf.o)
                0x08007554                __ssputs_r
 *fill*         0x0800760a        0x2 
 .text._svfprintf_r
                0x0800760c      0x1f8 C:/ST/STM32CubeIDE_1.18.0/STM32CubeIDE/plugins/com.st.stm32cube.ide.mcu.externaltools.gnu-tools-for-stm32.13.3.rel1.win32_1.0.0.202411081344/tools/bin/../lib/gcc/arm-none-eabi/13.3.1/../../../../arm-none-eabi/lib/thumb/v7-m/nofp\libc_nano.a(libc_a-nano-svfprintf.o)
                0x0800760c                _svfiprintf_r
                0x0800760c                _svfprintf_r
 .text._printf_common
                0x08007804       0xe4 C:/ST/STM32CubeIDE_1.18.0/STM32CubeIDE/plugins/com.st.stm32cube.ide.mcu.externaltools.gnu-tools-for-stm32.13.3.rel1.win32_1.0.0.202411081344/tools/bin/../lib/gcc/arm-none-eabi/13.3.1/../../../../arm-none-eabi/lib/thumb/v7-m/nofp\libc_nano.a(libc_a-nano-vfprintf_i.o)
                0x08007804                _printf_common
 .text._printf_i
                0x080078e8      0x23c C:/ST/STM32CubeIDE_1.18.0/STM32CubeIDE/plugins/com.st.stm32cube.ide.mcu.externaltools.gnu-tools-for-stm32.13.3.rel1.win32_1.0.0.202411081344/tools/bin/../lib/gcc/arm-none-eabi/13.3.1/../../../../arm-none-eabi/lib/thumb/v7-m/nofp\libc_nano.a(libc_a-nano-vfprintf_i.o)
                0x080078e8                _printf_i
 .text.memmove  0x08007b24       0x34 C:/ST/STM32CubeIDE_1.18.0/STM32CubeIDE/plugins/com.st.stm32cube.ide.mcu.externaltools.gnu-tools-for-stm32.13.3.rel1.win32_1.0.0.202411081344/tools/bin/../lib/gcc/arm-none-eabi/13.3.1/../../../../arm-none-eabi/lib/thumb/v7-m/nofp\libc_nano.a(libc_a-memmove.o)
                0x08007b24                memmove
 .text._sbrk_r  0x08007b58       0x20 C:/ST/STM32CubeIDE_1.18.0/STM32CubeIDE/plugins/com.st.stm32cube.ide.mcu.externaltools.gnu-tools-for-stm32.13.3.rel1.win32_1.0.0.202411081344/tools/bin/../lib/gcc/arm-none-eabi/13.3.1/../../../../arm-none-eabi/lib/thumb/v7-m/nofp\libc_nano.a(libc_a-sbrkr.o)
                0x08007b58                _sbrk_r
 .text.memchr   0x08007b78       0x1c C:/ST/STM32CubeIDE_1.18.0/STM32CubeIDE/plugins/com.st.stm32cube.ide.mcu.externaltools.gnu-tools-for-stm32.13.3.rel1.win32_1.0.0.202411081344/tools/bin/../lib/gcc/arm-none-eabi/13.3.1/../../../../arm-none-eabi/lib/thumb/v7-m/nofp\libc_nano.a(libc_a-memchr-stub.o)
                0x08007b78                memchr
 .text.memcpy   0x08007b94       0x1c C:/ST/STM32CubeIDE_1.18.0/STM32CubeIDE/plugins/com.st.stm32cube.ide.mcu.externaltools.gnu-tools-for-stm32.13.3.rel1.win32_1.0.0.202411081344/tools/bin/../lib/gcc/arm-none-eabi/13.3.1/../../../../arm-none-eabi/lib/thumb/v7-m/nofp\libc_nano.a(libc_a-memcpy-stub.o)
                0x08007b94                memcpy
 .text._realloc_r
                0x08007bb0       0x5c C:/ST/STM32CubeIDE_1.18.0/STM32CubeIDE/plugins/com.st.stm32cube.ide.mcu.externaltools.gnu-tools-for-stm32.13.3.rel1.win32_1.0.0.202411081344/tools/bin/../lib/gcc/arm-none-eabi/13.3.1/../../../../arm-none-eabi/lib/thumb/v7-m/nofp\libc_nano.a(libc_a-reallocr.o)
                0x08007bb0                _realloc_r
 .text._malloc_usable_size_r
                0x08007c0c       0x10 C:/ST/STM32CubeIDE_1.18.0/STM32CubeIDE/plugins/com.st.stm32cube.ide.mcu.externaltools.gnu-tools-for-stm32.13.3.rel1.win32_1.0.0.202411081344/tools/bin/../lib/gcc/arm-none-eabi/13.3.1/../../../../arm-none-eabi/lib/thumb/v7-m/nofp\libc_nano.a(libc_a-msizer.o)
                0x08007c0c                _malloc_usable_size_r
 *(.glue_7)
 .glue_7        0x08007c1c        0x0 linker stubs
 *(.glue_7t)
 .glue_7t       0x08007c1c        0x0 linker stubs
 *(.eh_frame)
 .eh_frame      0x08007c1c        0x0 C:/ST/STM32CubeIDE_1.18.0/STM32CubeIDE/plugins/com.st.stm32cube.ide.mcu.externaltools.gnu-tools-for-stm32.13.3.rel1.win32_1.0.0.202411081344/tools/bin/../lib/gcc/arm-none-eabi/13.3.1/thumb/v7-m/nofp/crtbegin.o
 *(.init)
 .init          0x08007c1c        0x4 C:/ST/STM32CubeIDE_1.18.0/STM32CubeIDE/plugins/com.st.stm32cube.ide.mcu.externaltools.gnu-tools-for-stm32.13.3.rel1.win32_1.0.0.202411081344/tools/bin/../lib/gcc/arm-none-eabi/13.3.1/thumb/v7-m/nofp/crti.o
                0x08007c1c                _init
 .init          0x08007c20        0x8 C:/ST/STM32CubeIDE_1.18.0/STM32CubeIDE/plugins/com.st.stm32cube.ide.mcu.externaltools.gnu-tools-for-stm32.13.3.rel1.win32_1.0.0.202411081344/tools/bin/../lib/gcc/arm-none-eabi/13.3.1/thumb/v7-m/nofp/crtn.o
 *(.fini)
 .fini          0x08007c28        0x4 C:/ST/STM32CubeIDE_1.18.0/STM32CubeIDE/plugins/com.st.stm32cube.ide.mcu.externaltools.gnu-tools-for-stm32.13.3.rel1.win32_1.0.0.202411081344/tools/bin/../lib/gcc/arm-none-eabi/13.3.1/thumb/v7-m/nofp/crti.o
                0x08007c28                _fini
 .fini          0x08007c2c        0x8 C:/ST/STM32CubeIDE_1.18.0/STM32CubeIDE/plugins/com.st.stm32cube.ide.mcu.externaltools.gnu-tools-for-stm32.13.3.rel1.win32_1.0.0.202411081344/tools/bin/../lib/gcc/arm-none-eabi/13.3.1/thumb/v7-m/nofp/crtn.o
                0x08007c34                        . = ALIGN (0x4)
                0x08007c34                        _etext = .

.vfp11_veneer   0x08007c34        0x0
 .vfp11_veneer  0x08007c34        0x0 linker stubs

.v4_bx          0x08007c34        0x0
 .v4_bx         0x08007c34        0x0 linker stubs

.iplt           0x08007c34        0x0
 .iplt          0x08007c34        0x0 C:/ST/STM32CubeIDE_1.18.0/STM32CubeIDE/plugins/com.st.stm32cube.ide.mcu.externaltools.gnu-tools-for-stm32.13.3.rel1.win32_1.0.0.202411081344/tools/bin/../lib/gcc/arm-none-eabi/13.3.1/thumb/v7-m/nofp/crtbegin.o

.rodata         0x08007c34      0xbf4
                0x08007c34                        . = ALIGN (0x4)
 *(.rodata)
 *(.rodata*)
 .rodata.ESP01_StartUDP.str1.1
                0x08007c34      0x2b8 ./Core/Src/ESP01.o
                                  0x4 (size before relaxing)
 .rodata.ESP01_Send.str1.1
                0x08007eec       0x30 ./Core/Src/ESP01.o
 .rodata.ESP01_Task.str1.1
                0x08007eec       0xee ./Core/Src/ESP01.o
 .rodata.responses
                0x08007eec       0x4c ./Core/Src/ESP01.o
                0x08007eec                responses
 .rodata.respBUSYS
                0x08007f38        0xb ./Core/Src/ESP01.o
                0x08007f38                respBUSYS
 .rodata.respBUSYP
                0x08007f43        0xb ./Core/Src/ESP01.o
                0x08007f43                respBUSYP
 .rodata.respReady
                0x08007f4e        0xc ./Core/Src/ESP01.o
                0x08007f4e                respReady
 .rodata.respIPD
                0x08007f5a        0x9 ./Core/Src/ESP01.o
                0x08007f5a                respIPD
 .rodata.respBUSY
                0x08007f63        0xb ./Core/Src/ESP01.o
                0x08007f63                respBUSY
 .rodata.respCIFSRAPIP
                0x08007f6e       0x11 ./Core/Src/ESP01.o
                0x08007f6e                respCIFSRAPIP
 .rodata.respCLOSED
                0x08007f7f        0xd ./Core/Src/ESP01.o
                0x08007f7f                respCLOSED
 .rodata.respCONNECT
                0x08007f8c        0xe ./Core/Src/ESP01.o
                0x08007f8c                respCONNECT
 .rodata.respSENDOK
                0x08007f9a        0xe ./Core/Src/ESP01.o
                0x08007f9a                respSENDOK
 .rodata.respDISCONNECTED
                0x08007fa8       0x13 ./Core/Src/ESP01.o
                0x08007fa8                respDISCONNECTED
 .rodata.respWIFIDISCONNECTED
                0x08007fbb       0x18 ./Core/Src/ESP01.o
                0x08007fbb                respWIFIDISCONNECTED
 .rodata.respWIFIDISCONNECT
                0x08007fd3       0x16 ./Core/Src/ESP01.o
                0x08007fd3                respWIFIDISCONNECT
 .rodata.respWIFICONNECTED
                0x08007fe9       0x15 ./Core/Src/ESP01.o
                0x08007fe9                respWIFICONNECTED
 .rodata.respWIFIGOTIP
                0x08007ffe       0x12 ./Core/Src/ESP01.o
                0x08007ffe                respWIFIGOTIP
 .rodata.respERROR
                0x08008010        0xc ./Core/Src/ESP01.o
                0x08008010                respERROR
 .rodata.respOK
                0x0800801c        0x9 ./Core/Src/ESP01.o
                0x0800801c                respOK
 .rodata.respATp
                0x08008025        0x8 ./Core/Src/ESP01.o
                0x08008025                respATp
 .rodata.respAT
                0x0800802d        0x8 ./Core/Src/ESP01.o
                0x0800802d                respAT
 .rodata.ATCIPSEND
                0x08008035        0xc ./Core/Src/ESP01.o
                0x08008035                ATCIPSEND
 .rodata.ATCIPCLOSE
                0x08008041        0xe ./Core/Src/ESP01.o
                0x08008041                ATCIPCLOSE
 .rodata.ATCIPSTART
                0x0800804f        0xd ./Core/Src/ESP01.o
                0x0800804f                ATCIPSTART
 .rodata.ATCIFSR
                0x0800805c        0xb ./Core/Src/ESP01.o
                0x0800805c                ATCIFSR
 .rodata.ATCWJAP
                0x08008067        0xa ./Core/Src/ESP01.o
                0x08008067                ATCWJAP
 .rodata.ATCWMODE
                0x08008071        0xe ./Core/Src/ESP01.o
                0x08008071                ATCWMODE
 .rodata.ATCIPMUX
                0x0800807f        0xe ./Core/Src/ESP01.o
                0x0800807f                ATCIPMUX
 .rodata.ATAT   0x0800808d        0x5 ./Core/Src/ESP01.o
                0x0800808d                ATAT
 .rodata.Font7x10
                0x08008092      0x76c ./Core/Src/fonts.o
                0x08008092                Font7x10
 .rodata.ESP01_ChangeState.str1.1
                0x080087fe       0x7c ./Core/Src/main.o
 .rodata.decode.str1.1
                0x080087fe       0x4b ./Core/Src/main.o
 .rodata.main.str1.1
                0x080087fe       0x3d ./Core/Src/main.o
 .rodata.APBPrescTable
                0x080087fe        0x8 ./Core/Src/system_stm32f1xx.o
                0x080087fe                APBPrescTable
 .rodata.AHBPrescTable
                0x08008806       0x10 ./Core/Src/system_stm32f1xx.o
                0x08008806                AHBPrescTable
 .rodata.aPredivFactorTable.0
                0x08008816        0x2 ./Drivers/STM32F1xx_HAL_Driver/Src/stm32f1xx_hal_rcc.o
 .rodata.aPLLMULFactorTable.1
                0x08008818       0x10 ./Drivers/STM32F1xx_HAL_Driver/Src/stm32f1xx_hal_rcc.o
 .rodata.USBD_FS_ManufacturerStrDescriptor.str1.1
                0x08008828       0x13 ./USB_DEVICE/App/usbd_desc.o
 .rodata.USBD_FS_ProductStrDescriptor.str1.1
                0x08008828       0x16 ./USB_DEVICE/App/usbd_desc.o
 .rodata.USBD_FS_ConfigStrDescriptor.str1.1
                0x08008828        0xb ./USB_DEVICE/App/usbd_desc.o
 .rodata.USBD_FS_InterfaceStrDescriptor.str1.1
                0x08008828        0xe ./USB_DEVICE/App/usbd_desc.o
 .rodata.__utoa.str1.1
                0x08008828       0x25 C:/ST/STM32CubeIDE_1.18.0/STM32CubeIDE/plugins/com.st.stm32cube.ide.mcu.externaltools.gnu-tools-for-stm32.13.3.rel1.win32_1.0.0.202411081344/tools/bin/../lib/gcc/arm-none-eabi/13.3.1/../../../../arm-none-eabi/lib/thumb/v7-m/nofp\libc_nano.a(libc_a-utoa.o)
 .rodata._svfprintf_r.str1.1
                0x08008828       0x11 C:/ST/STM32CubeIDE_1.18.0/STM32CubeIDE/plugins/com.st.stm32cube.ide.mcu.externaltools.gnu-tools-for-stm32.13.3.rel1.win32_1.0.0.202411081344/tools/bin/../lib/gcc/arm-none-eabi/13.3.1/../../../../arm-none-eabi/lib/thumb/v7-m/nofp\libc_nano.a(libc_a-nano-svfprintf.o)
 .rodata._printf_i.str1.1
                0x08008828       0x22 C:/ST/STM32CubeIDE_1.18.0/STM32CubeIDE/plugins/com.st.stm32cube.ide.mcu.externaltools.gnu-tools-for-stm32.13.3.rel1.win32_1.0.0.202411081344/tools/bin/../lib/gcc/arm-none-eabi/13.3.1/../../../../arm-none-eabi/lib/thumb/v7-m/nofp\libc_nano.a(libc_a-nano-vfprintf_i.o)
                0x0800887c                        . = ALIGN (0x4)

.ARM.extab      0x08008828        0x0
                0x08008828                        . = ALIGN (0x4)
 *(.ARM.extab* .gnu.linkonce.armextab.*)
                0x08008828                        . = ALIGN (0x4)

.ARM            0x08008828        0x8
                0x08008828                        . = ALIGN (0x4)
                0x08008828                        __exidx_start = .
 *(.ARM.exidx*)
 .ARM.exidx     0x08008828        0x8 C:/ST/STM32CubeIDE_1.18.0/STM32CubeIDE/plugins/com.st.stm32cube.ide.mcu.externaltools.gnu-tools-for-stm32.13.3.rel1.win32_1.0.0.202411081344/tools/bin/../lib/gcc/arm-none-eabi/13.3.1/../../../../arm-none-eabi/lib/thumb/v7-m/nofp\libc_nano.a(libc_a-strlen.o)
                0x08008830                        __exidx_end = .
                0x08008830                        . = ALIGN (0x4)

.preinit_array  0x08008830        0x0
                0x08008830                        . = ALIGN (0x4)
                0x08008830                        PROVIDE (__preinit_array_start = .)
 *(.preinit_array*)
                0x08008830                        PROVIDE (__preinit_array_end = .)
                0x08008830                        . = ALIGN (0x4)

.init_array     0x08008830        0x4
                0x08008830                        . = ALIGN (0x4)
                0x08008830                        PROVIDE (__init_array_start = .)
 *(SORT_BY_NAME(.init_array.*))
 *(.init_array*)
 .init_array    0x08008830        0x4 C:/ST/STM32CubeIDE_1.18.0/STM32CubeIDE/plugins/com.st.stm32cube.ide.mcu.externaltools.gnu-tools-for-stm32.13.3.rel1.win32_1.0.0.202411081344/tools/bin/../lib/gcc/arm-none-eabi/13.3.1/thumb/v7-m/nofp/crtbegin.o
                0x08008834                        PROVIDE (__init_array_end = .)
                0x08008834                        . = ALIGN (0x4)

.fini_array     0x08008834        0x4
                0x08008834                        . = ALIGN (0x4)
                [!provide]                        PROVIDE (__fini_array_start = .)
 *(SORT_BY_NAME(.fini_array.*))
 *(.fini_array*)
 .fini_array    0x08008834        0x4 C:/ST/STM32CubeIDE_1.18.0/STM32CubeIDE/plugins/com.st.stm32cube.ide.mcu.externaltools.gnu-tools-for-stm32.13.3.rel1.win32_1.0.0.202411081344/tools/bin/../lib/gcc/arm-none-eabi/13.3.1/thumb/v7-m/nofp/crtbegin.o
                [!provide]                        PROVIDE (__fini_array_end = .)
                0x08008838                        . = ALIGN (0x4)
                0x08008838                        _sidata = LOADADDR (.data)

.rel.dyn        0x08008838        0x0
 .rel.iplt      0x08008838        0x0 C:/ST/STM32CubeIDE_1.18.0/STM32CubeIDE/plugins/com.st.stm32cube.ide.mcu.externaltools.gnu-tools-for-stm32.13.3.rel1.win32_1.0.0.202411081344/tools/bin/../lib/gcc/arm-none-eabi/13.3.1/thumb/v7-m/nofp/crtbegin.o

.data           0x20000000      0x1dc load address 0x08008838
                0x20000000                        . = ALIGN (0x4)
                0x20000000                        _sdata = .
 *(.data)
 *(.data*)
 .data.esp01PROTO
                0x20000000        0x4 ./Core/Src/ESP01.o
 .data.Font_7x10
                0x20000004        0x8 ./Core/Src/fonts.o
                0x20000004                Font_7x10
 .data.Vel      0x2000000c        0x1 ./Core/Src/main.o
                0x2000000c                Vel
 *fill*         0x2000000d        0x1 
 .data.pwmBase  0x2000000e        0x2 ./Core/Src/main.o
                0x2000000e                pwmBase
 .data.SystemCoreClock
                0x20000010        0x4 ./Core/Src/system_stm32f1xx.o
                0x20000010                SystemCoreClock
 .data.uwTickFreq
                0x20000014        0x1 ./Drivers/STM32F1xx_HAL_Driver/Src/stm32f1xx_hal.o
                0x20000014                uwTickFreq
 *fill*         0x20000015        0x3 
 .data.uwTickPrio
                0x20000018        0x4 ./Drivers/STM32F1xx_HAL_Driver/Src/stm32f1xx_hal.o
                0x20000018                uwTickPrio
 .data.USBD_CDC_OtherSpeedCfgDesc
                0x2000001c       0x43 ./Middlewares/ST/STM32_USB_Device_Library/Class/CDC/Src/usbd_cdc.o
                0x2000001c                USBD_CDC_OtherSpeedCfgDesc
 *fill*         0x2000005f        0x1 
 .data.USBD_CDC_CfgFSDesc
                0x20000060       0x43 ./Middlewares/ST/STM32_USB_Device_Library/Class/CDC/Src/usbd_cdc.o
                0x20000060                USBD_CDC_CfgFSDesc
 *fill*         0x200000a3        0x1 
 .data.USBD_CDC_CfgHSDesc
                0x200000a4       0x43 ./Middlewares/ST/STM32_USB_Device_Library/Class/CDC/Src/usbd_cdc.o
                0x200000a4                USBD_CDC_CfgHSDesc
 *fill*         0x200000e7        0x1 
 .data.USBD_CDC
                0x200000e8       0x38 ./Middlewares/ST/STM32_USB_Device_Library/Class/CDC/Src/usbd_cdc.o
                0x200000e8                USBD_CDC
 .data.USBD_CDC_DeviceQualifierDesc
                0x20000120        0xa ./Middlewares/ST/STM32_USB_Device_Library/Class/CDC/Src/usbd_cdc.o
 *fill*         0x2000012a        0x2 
 .data.USBD_Interface_fops_FS
                0x2000012c       0x10 ./USB_DEVICE/App/usbd_cdc_if.o
                0x2000012c                USBD_Interface_fops_FS
 .data.USBD_StringSerial
                0x2000013c       0x1a ./USB_DEVICE/App/usbd_desc.o
                0x2000013c                USBD_StringSerial
 *fill*         0x20000156        0x2 
 .data.USBD_LangIDDesc
                0x20000158        0x4 ./USB_DEVICE/App/usbd_desc.o
                0x20000158                USBD_LangIDDesc
 .data.USBD_FS_DeviceDesc
                0x2000015c       0x12 ./USB_DEVICE/App/usbd_desc.o
                0x2000015c                USBD_FS_DeviceDesc
 *fill*         0x2000016e        0x2 
 .data.FS_Desc  0x20000170       0x1c ./USB_DEVICE/App/usbd_desc.o
                0x20000170                FS_Desc
 .data._impure_ptr
                0x2000018c        0x4 C:/ST/STM32CubeIDE_1.18.0/STM32CubeIDE/plugins/com.st.stm32cube.ide.mcu.externaltools.gnu-tools-for-stm32.13.3.rel1.win32_1.0.0.202411081344/tools/bin/../lib/gcc/arm-none-eabi/13.3.1/../../../../arm-none-eabi/lib/thumb/v7-m/nofp\libc_nano.a(libc_a-impure.o)
                0x2000018c                _impure_ptr
 .data._impure_data
                0x20000190       0x4c C:/ST/STM32CubeIDE_1.18.0/STM32CubeIDE/plugins/com.st.stm32cube.ide.mcu.externaltools.gnu-tools-for-stm32.13.3.rel1.win32_1.0.0.202411081344/tools/bin/../lib/gcc/arm-none-eabi/13.3.1/../../../../arm-none-eabi/lib/thumb/v7-m/nofp\libc_nano.a(libc_a-impure.o)
                0x20000190                _impure_data
 *(.RamFunc)
 *(.RamFunc*)
                0x200001dc                        . = ALIGN (0x4)
                0x200001dc                        _edata = .

.igot.plt       0x200001dc        0x0 load address 0x08008a14
 .igot.plt      0x200001dc        0x0 C:/ST/STM32CubeIDE_1.18.0/STM32CubeIDE/plugins/com.st.stm32cube.ide.mcu.externaltools.gnu-tools-for-stm32.13.3.rel1.win32_1.0.0.202411081344/tools/bin/../lib/gcc/arm-none-eabi/13.3.1/thumb/v7-m/nofp/crtbegin.o
                0x200001dc                        . = ALIGN (0x4)

.bss            0x200001dc     0x231c load address 0x08008a14
                0x200001dc                        _sbss = .
                0x200001dc                        __bss_start__ = _sbss
 *(.bss)
 .bss           0x200001dc       0x1c C:/ST/STM32CubeIDE_1.18.0/STM32CubeIDE/plugins/com.st.stm32cube.ide.mcu.externaltools.gnu-tools-for-stm32.13.3.rel1.win32_1.0.0.202411081344/tools/bin/../lib/gcc/arm-none-eabi/13.3.1/thumb/v7-m/nofp/crtbegin.o
 *(.bss*)
 .bss.indexResponseChar
                0x200001f8        0x1 ./Core/Src/ESP01.o
 .bss.indexResponse
                0x200001f9        0x1 ./Core/Src/ESP01.o
 *fill*         0x200001fa        0x2 
 .bss.esp01Handle
                0x200001fc        0xc ./Core/Src/ESP01.o
 .bss.esp01TriesAT
                0x20000208        0x1 ./Core/Src/ESP01.o
 *fill*         0x20000209        0x1 
 .bss.esp01iwTX
                0x2000020a        0x2 ./Core/Src/ESP01.o
 .bss.esp01irTX
                0x2000020c        0x2 ./Core/Src/ESP01.o
 .bss.esp01irRXAT
                0x2000020e        0x2 ./Core/Src/ESP01.o
 .bss.esp01iwRXAT
                0x20000210        0x2 ./Core/Src/ESP01.o
 .bss.esp01TXATBuf
                0x20000212      0x100 ./Core/Src/ESP01.o
 .bss.esp01RXATBuf
                0x20000312       0x80 ./Core/Src/ESP01.o
 .bss.esp01nBytes
                0x20000392        0x2 ./Core/Src/ESP01.o
 .bss.esp01HState
                0x20000394        0x1 ./Core/Src/ESP01.o
 .bss.esp01LocalPORT
                0x20000395        0x6 ./Core/Src/ESP01.o
 .bss.esp01LocalIP
                0x2000039b       0x10 ./Core/Src/ESP01.o
 .bss.esp01RemotePORT
                0x200003ab        0x6 ./Core/Src/ESP01.o
 .bss.esp01RemoteIP
                0x200003b1       0x10 ./Core/Src/ESP01.o
 .bss.esp01PASSWORD
                0x200003c1       0x20 ./Core/Src/ESP01.o
 .bss.esp01SSID
                0x200003e1       0x40 ./Core/Src/ESP01.o
 *fill*         0x20000421        0x3 
 .bss.ESP01DbgStr
                0x20000424        0x4 ./Core/Src/ESP01.o
 .bss.ESP01ChangeState
                0x20000428        0x4 ./Core/Src/ESP01.o
 .bss.esp01TimeoutTxSymbol
                0x2000042c        0x4 ./Core/Src/ESP01.o
 .bss.esp01TimeoutDataRx
                0x20000430        0x4 ./Core/Src/ESP01.o
 .bss.esp01TimeoutTask
                0x20000434        0x4 ./Core/Src/ESP01.o
 .bss.esp01Flags
                0x20000438        0x1 ./Core/Src/ESP01.o
 .bss.esp01ATSate
                0x20000439        0x1 ./Core/Src/ESP01.o
 .bss.payloadBuf
                0x2000043a      0x100 ./Core/Src/comunicaciones.o
                0x2000043a                payloadBuf
 *fill*         0x2000053a        0x2 
 .bss.myPayPtr  0x2000053c        0x4 ./Core/Src/comunicaciones.o
 .bss.estadoProtocolo
                0x20000540        0x1 ./Core/Src/comunicaciones.o
                0x20000540                estadoProtocolo
 *fill*         0x20000541        0x3 
 .bss.max_value
                0x20000544        0x4 ./Core/Src/main.o
                0x20000544                max_value
 .bss.last_ir   0x20000548        0x1 ./Core/Src/main.o
                0x20000548                last_ir
 .bss.max_value_ir
                0x20000549        0x1 ./Core/Src/main.o
                0x20000549                max_value_ir
 .bss.line_pos  0x2000054a        0x1 ./Core/Src/main.o
                0x2000054a                line_pos
 .bss.adc_dma_count
                0x2000054b        0x1 ./Core/Src/main.o
                0x2000054b                adc_dma_count
 .bss.ir_prom_value
                0x2000054c       0x1c ./Core/Src/main.o
                0x2000054c                ir_prom_value
 .bss.dma_result
                0x20000568      0x230 ./Core/Src/main.o
                0x20000568                dma_result
 .bss.adc_dma_value
                0x20000798       0x1c ./Core/Src/main.o
                0x20000798                adc_dma_value
 .bss.accelYAux
                0x200007b4       0x28 ./Core/Src/main.o
                0x200007b4                accelYAux
 .bss.accelXAux
                0x200007dc       0x28 ./Core/Src/main.o
                0x200007dc                accelXAux
 .bss.gyroZAux  0x20000804       0x28 ./Core/Src/main.o
                0x20000804                gyroZAux
 .bss.gyroZProm
                0x2000082c        0x2 ./Core/Src/main.o
                0x2000082c                gyroZProm
 .bss.accelYProm
                0x2000082e        0x2 ./Core/Src/main.o
                0x2000082e                accelYProm
 .bss.accelXProm
                0x20000830        0x2 ./Core/Src/main.o
                0x20000830                accelXProm
 .bss.accelCount
                0x20000832        0x1 ./Core/Src/main.o
                0x20000832                accelCount
 .bss.MPU_rx    0x20000833        0x4 ./Core/Src/main.o
                0x20000833                MPU_rx
 .bss.TxLen     0x20000837        0x1 ./Core/Src/main.o
                0x20000837                TxLen
 .bss.ip        0x20000838        0x4 ./Core/Src/main.o
                0x20000838                ip
 .bss.ipBuf     0x2000083c       0x10 ./Core/Src/main.o
                0x2000083c                ipBuf
 .bss.bufDebug  0x2000084c       0x20 ./Core/Src/main.o
                0x2000084c                bufDebug
 .bss.bufPayloadTx
                0x2000086c       0x20 ./Core/Src/main.o
                0x2000086c                bufPayloadTx
 .bss.adcDraw   0x2000088c        0x1 ./Core/Src/main.o
                0x2000088c                adcDraw
 .bss.raceStart
                0x2000088d        0x1 ./Core/Src/main.o
                0x2000088d                raceStart
 .bss.KdDer     0x2000088e        0x2 ./Core/Src/main.o
                0x2000088e                KdDer
 .bss.KdIzq     0x20000890        0x2 ./Core/Src/main.o
                0x20000890                KdIzq
 .bss.KpDer     0x20000892        0x1 ./Core/Src/main.o
                0x20000892                KpDer
 .bss.KpIzq     0x20000893        0x1 ./Core/Src/main.o
                0x20000893                KpIzq
 .bss.correccionIzq
                0x20000894        0x4 ./Core/Src/main.o
                0x20000894                correccionIzq
 .bss.correccionDer
                0x20000898        0x4 ./Core/Src/main.o
                0x20000898                correccionDer
 .bss.rateError
                0x2000089c        0x4 ./Core/Src/main.o
                0x2000089c                rateError
 .bss.cumError  0x200008a0        0x4 ./Core/Src/main.o
                0x200008a0                cumError
 .bss.lastError
                0x200008a4        0x4 ./Core/Src/main.o
                0x200008a4                lastError
 .bss.error     0x200008a8        0x4 ./Core/Src/main.o
                0x200008a8                error
 .bss.pwmDerInv
                0x200008ac        0x2 ./Core/Src/main.o
                0x200008ac                pwmDerInv
 .bss.pwmIzqInv
                0x200008ae        0x2 ./Core/Src/main.o
                0x200008ae                pwmIzqInv
 .bss.pwmDer    0x200008b0        0x2 ./Core/Src/main.o
                0x200008b0                pwmDer
 .bss.pwmIzq    0x200008b2        0x2 ./Core/Src/main.o
                0x200008b2                pwmIzq
 .bss.elapsedESP01TimeOut
                0x200008b4        0x4 ./Core/Src/main.o
                0x200008b4                elapsedESP01TimeOut
 .bss.elapsedADC_draw
                0x200008b8        0x4 ./Core/Src/main.o
                0x200008b8                elapsedADC_draw
 .bss.elapseIR  0x200008bc        0x4 ./Core/Src/main.o
                0x200008bc                elapseIR
 .bss.elapsedMPU_tx
                0x200008c0        0x4 ./Core/Src/main.o
                0x200008c0                elapsedMPU_tx
 .bss.elapsedMPU
                0x200008c4        0x4 ./Core/Src/main.o
                0x200008c4                elapsedMPU
 .bss.elapsedESP01Receive
                0x200008c8        0x4 ./Core/Src/main.o
                0x200008c8                elapsedESP01Receive
 .bss.elapsedHeartBeat
                0x200008cc        0x4 ./Core/Src/main.o
                0x200008cc                elapsedHeartBeat
 .bss.tempRxUART
                0x200008d0        0x2 ./Core/Src/main.o
                0x200008d0                tempRxUART
 *fill*         0x200008d2        0x2 
 .bss.huart1    0x200008d4       0x48 ./Core/Src/main.o
                0x200008d4                huart1
 .bss.htim4     0x2000091c       0x48 ./Core/Src/main.o
                0x2000091c                htim4
 .bss.htim3     0x20000964       0x48 ./Core/Src/main.o
                0x20000964                htim3
 .bss.htim2     0x200009ac       0x48 ./Core/Src/main.o
                0x200009ac                htim2
 .bss.hi2c2     0x200009f4       0x54 ./Core/Src/main.o
                0x200009f4                hi2c2
 .bss.hdma_adc1
                0x20000a48       0x44 ./Core/Src/main.o
                0x20000a48                hdma_adc1
 .bss.hadc1     0x20000a8c       0x30 ./Core/Src/main.o
                0x20000a8c                hadc1
 .bss.bufferESP01
                0x20000abc      0x306 ./Core/Src/main.o
                0x20000abc                bufferESP01
 .bss.currentESP01states
                0x20000dc2        0x1 ./Core/Src/main.o
                0x20000dc2                currentESP01states
 .bss.flags     0x20000dc3        0x1 ./Core/Src/main.o
 .bss.myInitPtr
                0x20000dc4        0x4 ./Core/Src/ssd1306.o
 .bss.myWriteMutiPtr
                0x20000dc8        0x4 ./Core/Src/ssd1306.o
 .bss.myWritePtr
                0x20000dcc        0x4 ./Core/Src/ssd1306.o
 .bss.SSD1306   0x20000dd0        0x6 ./Core/Src/ssd1306.o
 .bss.SSD1306_Buffer
                0x20000dd6      0x410 ./Core/Src/ssd1306.o
 *fill*         0x200011e6        0x2 
 .bss.__sbrk_heap_end
                0x200011e8        0x4 ./Core/Src/sysmem.o
 .bss.uwTick    0x200011ec        0x4 ./Drivers/STM32F1xx_HAL_Driver/Src/stm32f1xx_hal.o
                0x200011ec                uwTick
 .bss.cfgidx.0  0x200011f0        0x1 ./Middlewares/ST/STM32_USB_Device_Library/Core/Src/usbd_ctlreq.o
 *fill*         0x200011f1        0x3 
 .bss.hUsbDeviceFS
                0x200011f4      0x2c4 ./USB_DEVICE/App/usb_device.o
                0x200011f4                hUsbDeviceFS
 .bss.UserTxBufferFS
                0x200014b8      0x400 ./USB_DEVICE/App/usbd_cdc_if.o
                0x200014b8                UserTxBufferFS
 .bss.UserRxBufferFS
                0x200018b8      0x400 ./USB_DEVICE/App/usbd_cdc_if.o
                0x200018b8                UserRxBufferFS
 .bss.USBD_StrDesc
                0x20001cb8      0x200 ./USB_DEVICE/App/usbd_desc.o
                0x20001cb8                USBD_StrDesc
 .bss.mem.0     0x20001eb8      0x220 ./USB_DEVICE/Target/usbd_conf.o
 .bss.hpcd_USB_FS
                0x200020d8      0x2d8 ./USB_DEVICE/Target/usbd_conf.o
                0x200020d8                hpcd_USB_FS
 .bss.__sf      0x200023b0      0x138 C:/ST/STM32CubeIDE_1.18.0/STM32CubeIDE/plugins/com.st.stm32cube.ide.mcu.externaltools.gnu-tools-for-stm32.13.3.rel1.win32_1.0.0.202411081344/tools/bin/../lib/gcc/arm-none-eabi/13.3.1/../../../../arm-none-eabi/lib/thumb/v7-m/nofp\libc_nano.a(libc_a-findfp.o)
                0x200023b0                __sf
 .bss.errno     0x200024e8        0x4 C:/ST/STM32CubeIDE_1.18.0/STM32CubeIDE/plugins/com.st.stm32cube.ide.mcu.externaltools.gnu-tools-for-stm32.13.3.rel1.win32_1.0.0.202411081344/tools/bin/../lib/gcc/arm-none-eabi/13.3.1/../../../../arm-none-eabi/lib/thumb/v7-m/nofp\libc_nano.a(libc_a-reent.o)
                0x200024e8                errno
 .bss.__lock___malloc_recursive_mutex
                0x200024ec        0x1 C:/ST/STM32CubeIDE_1.18.0/STM32CubeIDE/plugins/com.st.stm32cube.ide.mcu.externaltools.gnu-tools-for-stm32.13.3.rel1.win32_1.0.0.202411081344/tools/bin/../lib/gcc/arm-none-eabi/13.3.1/../../../../arm-none-eabi/lib/thumb/v7-m/nofp\libc_nano.a(libc_a-lock.o)
                0x200024ec                __lock___malloc_recursive_mutex
 *fill*         0x200024ed        0x3 
 .bss.__malloc_sbrk_start
                0x200024f0        0x4 C:/ST/STM32CubeIDE_1.18.0/STM32CubeIDE/plugins/com.st.stm32cube.ide.mcu.externaltools.gnu-tools-for-stm32.13.3.rel1.win32_1.0.0.202411081344/tools/bin/../lib/gcc/arm-none-eabi/13.3.1/../../../../arm-none-eabi/lib/thumb/v7-m/nofp\libc_nano.a(libc_a-mallocr.o)
                0x200024f0                __malloc_sbrk_start
 .bss.__malloc_free_list
                0x200024f4        0x4 C:/ST/STM32CubeIDE_1.18.0/STM32CubeIDE/plugins/com.st.stm32cube.ide.mcu.externaltools.gnu-tools-for-stm32.13.3.rel1.win32_1.0.0.202411081344/tools/bin/../lib/gcc/arm-none-eabi/13.3.1/../../../../arm-none-eabi/lib/thumb/v7-m/nofp\libc_nano.a(libc_a-mallocr.o)
                0x200024f4                __malloc_free_list
 *(COMMON)
                0x200024f8                        . = ALIGN (0x4)
                0x200024f8                        _ebss = .
                0x200024f8                        __bss_end__ = _ebss

._user_heap_stack
                0x200024f8      0x600 load address 0x08008a14
                0x200024f8                        . = ALIGN (0x8)
                [!provide]                        PROVIDE (end = .)
                0x200024f8                        PROVIDE (_end = .)
                0x200026f8                        . = (. + _Min_Heap_Size)
 *fill*         0x200024f8      0x200 
                0x20002af8                        . = (. + _Min_Stack_Size)
 *fill*         0x200026f8      0x400 
                0x20002af8                        . = ALIGN (0x8)

/DISCARD/
 libc.a(*)
 libm.a(*)
 libgcc.a(*)

.ARM.attributes
                0x00000000       0x29
 *(.ARM.attributes)
 .ARM.attributes
                0x00000000       0x1d C:/ST/STM32CubeIDE_1.18.0/STM32CubeIDE/plugins/com.st.stm32cube.ide.mcu.externaltools.gnu-tools-for-stm32.13.3.rel1.win32_1.0.0.202411081344/tools/bin/../lib/gcc/arm-none-eabi/13.3.1/thumb/v7-m/nofp/crti.o
 .ARM.attributes
                0x0000001d       0x2d C:/ST/STM32CubeIDE_1.18.0/STM32CubeIDE/plugins/com.st.stm32cube.ide.mcu.externaltools.gnu-tools-for-stm32.13.3.rel1.win32_1.0.0.202411081344/tools/bin/../lib/gcc/arm-none-eabi/13.3.1/thumb/v7-m/nofp/crtbegin.o
 .ARM.attributes
                0x0000004a       0x2d ./Core/Src/ESP01.o
 .ARM.attributes
                0x00000077       0x2d ./Core/Src/comunicaciones.o
 .ARM.attributes
                0x000000a4       0x2d ./Core/Src/fonts.o
 .ARM.attributes
                0x000000d1       0x2d ./Core/Src/main.o
 .ARM.attributes
                0x000000fe       0x2d ./Core/Src/ssd1306.o
 .ARM.attributes
                0x0000012b       0x2d ./Core/Src/stm32f1xx_hal_msp.o
 .ARM.attributes
                0x00000158       0x2d ./Core/Src/stm32f1xx_it.o
 .ARM.attributes
                0x00000185       0x2d ./Core/Src/sysmem.o
 .ARM.attributes
                0x000001b2       0x2d ./Core/Src/system_stm32f1xx.o
 .ARM.attributes
                0x000001df       0x21 ./Core/Startup/startup_stm32f103c8tx.o
 .ARM.attributes
                0x00000200       0x2d ./Drivers/STM32F1xx_HAL_Driver/Src/stm32f1xx_hal.o
 .ARM.attributes
                0x0000022d       0x2d ./Drivers/STM32F1xx_HAL_Driver/Src/stm32f1xx_hal_adc.o
 .ARM.attributes
                0x0000025a       0x2d ./Drivers/STM32F1xx_HAL_Driver/Src/stm32f1xx_hal_cortex.o
 .ARM.attributes
                0x00000287       0x2d ./Drivers/STM32F1xx_HAL_Driver/Src/stm32f1xx_hal_dma.o
 .ARM.attributes
                0x000002b4       0x2d ./Drivers/STM32F1xx_HAL_Driver/Src/stm32f1xx_hal_gpio.o
 .ARM.attributes
                0x000002e1       0x2d ./Drivers/STM32F1xx_HAL_Driver/Src/stm32f1xx_hal_i2c.o
 .ARM.attributes
                0x0000030e       0x2d ./Drivers/STM32F1xx_HAL_Driver/Src/stm32f1xx_hal_pcd.o
 .ARM.attributes
                0x0000033b       0x2d ./Drivers/STM32F1xx_HAL_Driver/Src/stm32f1xx_hal_pcd_ex.o
 .ARM.attributes
                0x00000368       0x2d ./Drivers/STM32F1xx_HAL_Driver/Src/stm32f1xx_hal_rcc.o
 .ARM.attributes
                0x00000395       0x2d ./Drivers/STM32F1xx_HAL_Driver/Src/stm32f1xx_hal_rcc_ex.o
 .ARM.attributes
                0x000003c2       0x2d ./Drivers/STM32F1xx_HAL_Driver/Src/stm32f1xx_hal_tim.o
 .ARM.attributes
                0x000003ef       0x2d ./Drivers/STM32F1xx_HAL_Driver/Src/stm32f1xx_hal_tim_ex.o
 .ARM.attributes
                0x0000041c       0x2d ./Drivers/STM32F1xx_HAL_Driver/Src/stm32f1xx_hal_uart.o
 .ARM.attributes
                0x00000449       0x2d ./Drivers/STM32F1xx_HAL_Driver/Src/stm32f1xx_ll_usb.o
 .ARM.attributes
                0x00000476       0x2d ./Middlewares/ST/STM32_USB_Device_Library/Class/CDC/Src/usbd_cdc.o
 .ARM.attributes
                0x000004a3       0x2d ./Middlewares/ST/STM32_USB_Device_Library/Core/Src/usbd_core.o
 .ARM.attributes
                0x000004d0       0x2d ./Middlewares/ST/STM32_USB_Device_Library/Core/Src/usbd_ctlreq.o
 .ARM.attributes
                0x000004fd       0x2d ./Middlewares/ST/STM32_USB_Device_Library/Core/Src/usbd_ioreq.o
 .ARM.attributes
                0x0000052a       0x2d ./USB_DEVICE/App/usb_device.o
 .ARM.attributes
                0x00000557       0x2d ./USB_DEVICE/App/usbd_cdc_if.o
 .ARM.attributes
                0x00000584       0x2d ./USB_DEVICE/App/usbd_desc.o
 .ARM.attributes
                0x000005b1       0x2d ./USB_DEVICE/Target/usbd_conf.o
 .ARM.attributes
                0x000005de       0x2d C:/ST/STM32CubeIDE_1.18.0/STM32CubeIDE/plugins/com.st.stm32cube.ide.mcu.externaltools.gnu-tools-for-stm32.13.3.rel1.win32_1.0.0.202411081344/tools/bin/../lib/gcc/arm-none-eabi/13.3.1/../../../../arm-none-eabi/lib/thumb/v7-m/nofp\libc_nano.a(libc_a-itoa.o)
 .ARM.attributes
                0x0000060b       0x2d C:/ST/STM32CubeIDE_1.18.0/STM32CubeIDE/plugins/com.st.stm32cube.ide.mcu.externaltools.gnu-tools-for-stm32.13.3.rel1.win32_1.0.0.202411081344/tools/bin/../lib/gcc/arm-none-eabi/13.3.1/../../../../arm-none-eabi/lib/thumb/v7-m/nofp\libc_nano.a(libc_a-utoa.o)
 .ARM.attributes
                0x00000638       0x2d C:/ST/STM32CubeIDE_1.18.0/STM32CubeIDE/plugins/com.st.stm32cube.ide.mcu.externaltools.gnu-tools-for-stm32.13.3.rel1.win32_1.0.0.202411081344/tools/bin/../lib/gcc/arm-none-eabi/13.3.1/../../../../arm-none-eabi/lib/thumb/v7-m/nofp\libc_nano.a(libc_a-findfp.o)
 .ARM.attributes
                0x00000665       0x2d C:/ST/STM32CubeIDE_1.18.0/STM32CubeIDE/plugins/com.st.stm32cube.ide.mcu.externaltools.gnu-tools-for-stm32.13.3.rel1.win32_1.0.0.202411081344/tools/bin/../lib/gcc/arm-none-eabi/13.3.1/../../../../arm-none-eabi/lib/thumb/v7-m/nofp\libc_nano.a(libc_a-sprintf.o)
 .ARM.attributes
                0x00000692       0x2d C:/ST/STM32CubeIDE_1.18.0/STM32CubeIDE/plugins/com.st.stm32cube.ide.mcu.externaltools.gnu-tools-for-stm32.13.3.rel1.win32_1.0.0.202411081344/tools/bin/../lib/gcc/arm-none-eabi/13.3.1/../../../../arm-none-eabi/lib/thumb/v7-m/nofp\libc_nano.a(libc_a-memset.o)
 .ARM.attributes
                0x000006bf       0x2d C:/ST/STM32CubeIDE_1.18.0/STM32CubeIDE/plugins/com.st.stm32cube.ide.mcu.externaltools.gnu-tools-for-stm32.13.3.rel1.win32_1.0.0.202411081344/tools/bin/../lib/gcc/arm-none-eabi/13.3.1/../../../../arm-none-eabi/lib/thumb/v7-m/nofp\libc_nano.a(libc_a-strncpy.o)
 .ARM.attributes
                0x000006ec       0x2d C:/ST/STM32CubeIDE_1.18.0/STM32CubeIDE/plugins/com.st.stm32cube.ide.mcu.externaltools.gnu-tools-for-stm32.13.3.rel1.win32_1.0.0.202411081344/tools/bin/../lib/gcc/arm-none-eabi/13.3.1/../../../../arm-none-eabi/lib/thumb/v7-m/nofp\libc_nano.a(libc_a-reent.o)
 .ARM.attributes
                0x00000719       0x2d C:/ST/STM32CubeIDE_1.18.0/STM32CubeIDE/plugins/com.st.stm32cube.ide.mcu.externaltools.gnu-tools-for-stm32.13.3.rel1.win32_1.0.0.202411081344/tools/bin/../lib/gcc/arm-none-eabi/13.3.1/../../../../arm-none-eabi/lib/thumb/v7-m/nofp\libc_nano.a(libc_a-impure.o)
 .ARM.attributes